<?xml version="1.0"?>
<link_info>
   <banner>MSP430 Linker PC v4.4.3</banner>
   <copyright>Copyright (c) 2003-2015 Texas Instruments Incorporated</copyright>
   <link_time>0x5528a397</link_time>
   <link_errors>0x0</link_errors>
   <output_file>MSP430F2272__WS2812B_StripController.out</output_file>
   <entry_point>
      <name>_c_int00_noargs</name>
      <address>0x8ea8</address>
   </entry_point>
   <input_file_list>
      <input_file id="fl-2">
         <path>.\</path>
         <kind>object</kind>
         <file>WS2812B_Strip.obj</file>
         <name>WS2812B_Strip.obj</name>
      </input_file>
      <input_file id="fl-3">
         <path>.\</path>
         <kind>object</kind>
         <file>main.obj</file>
         <name>main.obj</name>
      </input_file>
      <input_file id="fl-32">
         <path>C:\ti\ccsv6\tools\compiler\ti-cgt-msp430_4.4.3\lib\</path>
         <kind>archive</kind>
         <file>rts430_eabi.lib</file>
         <name>boot.obj</name>
      </input_file>
      <input_file id="fl-33">
         <path>C:\ti\ccsv6\tools\compiler\ti-cgt-msp430_4.4.3\lib\</path>
         <kind>archive</kind>
         <file>rts430_eabi.lib</file>
         <name>boot_special.obj</name>
      </input_file>
      <input_file id="fl-34">
         <path>C:\ti\ccsv6\tools\compiler\ti-cgt-msp430_4.4.3\lib\</path>
         <kind>archive</kind>
         <file>rts430_eabi.lib</file>
         <name>copy_decompress_none.obj</name>
      </input_file>
      <input_file id="fl-35">
         <path>C:\ti\ccsv6\tools\compiler\ti-cgt-msp430_4.4.3\lib\</path>
         <kind>archive</kind>
         <file>rts430_eabi.lib</file>
         <name>copy_decompress_rle.obj</name>
      </input_file>
      <input_file id="fl-36">
         <path>C:\ti\ccsv6\tools\compiler\ti-cgt-msp430_4.4.3\lib\</path>
         <kind>archive</kind>
         <file>rts430_eabi.lib</file>
         <name>copy_zero_init.obj</name>
      </input_file>
      <input_file id="fl-37">
         <path>C:\ti\ccsv6\tools\compiler\ti-cgt-msp430_4.4.3\lib\</path>
         <kind>archive</kind>
         <file>rts430_eabi.lib</file>
         <name>delete.obj</name>
      </input_file>
      <input_file id="fl-38">
         <path>C:\ti\ccsv6\tools\compiler\ti-cgt-msp430_4.4.3\lib\</path>
         <kind>archive</kind>
         <file>rts430_eabi.lib</file>
         <name>div16s.obj</name>
      </input_file>
      <input_file id="fl-39">
         <path>C:\ti\ccsv6\tools\compiler\ti-cgt-msp430_4.4.3\lib\</path>
         <kind>archive</kind>
         <file>rts430_eabi.lib</file>
         <name>div16u.obj</name>
      </input_file>
      <input_file id="fl-3a">
         <path>C:\ti\ccsv6\tools\compiler\ti-cgt-msp430_4.4.3\lib\</path>
         <kind>archive</kind>
         <file>rts430_eabi.lib</file>
         <name>div32s.obj</name>
      </input_file>
      <input_file id="fl-3b">
         <path>C:\ti\ccsv6\tools\compiler\ti-cgt-msp430_4.4.3\lib\</path>
         <kind>archive</kind>
         <file>rts430_eabi.lib</file>
         <name>div32u.obj</name>
      </input_file>
      <input_file id="fl-3c">
         <path>C:\ti\ccsv6\tools\compiler\ti-cgt-msp430_4.4.3\lib\</path>
         <kind>archive</kind>
         <file>rts430_eabi.lib</file>
         <name>dtor_list.obj</name>
      </input_file>
      <input_file id="fl-3d">
         <path>C:\ti\ccsv6\tools\compiler\ti-cgt-msp430_4.4.3\lib\</path>
         <kind>archive</kind>
         <file>rts430_eabi.lib</file>
         <name>epilog.obj</name>
      </input_file>
      <input_file id="fl-3e">
         <path>C:\ti\ccsv6\tools\compiler\ti-cgt-msp430_4.4.3\lib\</path>
         <kind>archive</kind>
         <file>rts430_eabi.lib</file>
         <name>exit.obj</name>
      </input_file>
      <input_file id="fl-3f">
         <path>C:\ti\ccsv6\tools\compiler\ti-cgt-msp430_4.4.3\lib\</path>
         <kind>archive</kind>
         <file>rts430_eabi.lib</file>
         <name>int03.obj</name>
      </input_file>
      <input_file id="fl-40">
         <path>C:\ti\ccsv6\tools\compiler\ti-cgt-msp430_4.4.3\lib\</path>
         <kind>archive</kind>
         <file>rts430_eabi.lib</file>
         <name>int05.obj</name>
      </input_file>
      <input_file id="fl-41">
         <path>C:\ti\ccsv6\tools\compiler\ti-cgt-msp430_4.4.3\lib\</path>
         <kind>archive</kind>
         <file>rts430_eabi.lib</file>
         <name>int06.obj</name>
      </input_file>
      <input_file id="fl-42">
         <path>C:\ti\ccsv6\tools\compiler\ti-cgt-msp430_4.4.3\lib\</path>
         <kind>archive</kind>
         <file>rts430_eabi.lib</file>
         <name>int07.obj</name>
      </input_file>
      <input_file id="fl-43">
         <path>C:\ti\ccsv6\tools\compiler\ti-cgt-msp430_4.4.3\lib\</path>
         <kind>archive</kind>
         <file>rts430_eabi.lib</file>
         <name>int08.obj</name>
      </input_file>
      <input_file id="fl-44">
         <path>C:\ti\ccsv6\tools\compiler\ti-cgt-msp430_4.4.3\lib\</path>
         <kind>archive</kind>
         <file>rts430_eabi.lib</file>
         <name>int09.obj</name>
      </input_file>
      <input_file id="fl-45">
         <path>C:\ti\ccsv6\tools\compiler\ti-cgt-msp430_4.4.3\lib\</path>
         <kind>archive</kind>
         <file>rts430_eabi.lib</file>
         <name>int10.obj</name>
      </input_file>
      <input_file id="fl-46">
         <path>C:\ti\ccsv6\tools\compiler\ti-cgt-msp430_4.4.3\lib\</path>
         <kind>archive</kind>
         <file>rts430_eabi.lib</file>
         <name>int12.obj</name>
      </input_file>
      <input_file id="fl-47">
         <path>C:\ti\ccsv6\tools\compiler\ti-cgt-msp430_4.4.3\lib\</path>
         <kind>archive</kind>
         <file>rts430_eabi.lib</file>
         <name>int13.obj</name>
      </input_file>
      <input_file id="fl-48">
         <path>C:\ti\ccsv6\tools\compiler\ti-cgt-msp430_4.4.3\lib\</path>
         <kind>archive</kind>
         <file>rts430_eabi.lib</file>
         <name>int14.obj</name>
      </input_file>
      <input_file id="fl-49">
         <path>C:\ti\ccsv6\tools\compiler\ti-cgt-msp430_4.4.3\lib\</path>
         <kind>archive</kind>
         <file>rts430_eabi.lib</file>
         <name>isr_trap.obj</name>
      </input_file>
      <input_file id="fl-4a">
         <path>C:\ti\ccsv6\tools\compiler\ti-cgt-msp430_4.4.3\lib\</path>
         <kind>archive</kind>
         <file>rts430_eabi.lib</file>
         <name>lsl32.obj</name>
      </input_file>
      <input_file id="fl-4b">
         <path>C:\ti\ccsv6\tools\compiler\ti-cgt-msp430_4.4.3\lib\</path>
         <kind>archive</kind>
         <file>rts430_eabi.lib</file>
         <name>lsr32.obj</name>
      </input_file>
      <input_file id="fl-4c">
         <path>C:\ti\ccsv6\tools\compiler\ti-cgt-msp430_4.4.3\lib\</path>
         <kind>archive</kind>
         <file>rts430_eabi.lib</file>
         <name>memcpy.obj</name>
      </input_file>
      <input_file id="fl-4d">
         <path>C:\ti\ccsv6\tools\compiler\ti-cgt-msp430_4.4.3\lib\</path>
         <kind>archive</kind>
         <file>rts430_eabi.lib</file>
         <name>memory.obj</name>
      </input_file>
      <input_file id="fl-4e">
         <path>C:\ti\ccsv6\tools\compiler\ti-cgt-msp430_4.4.3\lib\</path>
         <kind>archive</kind>
         <file>rts430_eabi.lib</file>
         <name>memset.obj</name>
      </input_file>
      <input_file id="fl-4f">
         <path>C:\ti\ccsv6\tools\compiler\ti-cgt-msp430_4.4.3\lib\</path>
         <kind>archive</kind>
         <file>rts430_eabi.lib</file>
         <name>mpu_init.obj</name>
      </input_file>
      <input_file id="fl-50">
         <path>C:\ti\ccsv6\tools\compiler\ti-cgt-msp430_4.4.3\lib\</path>
         <kind>archive</kind>
         <file>rts430_eabi.lib</file>
         <name>mult16.obj</name>
      </input_file>
      <input_file id="fl-51">
         <path>C:\ti\ccsv6\tools\compiler\ti-cgt-msp430_4.4.3\lib\</path>
         <kind>archive</kind>
         <file>rts430_eabi.lib</file>
         <name>mult32.obj</name>
      </input_file>
      <input_file id="fl-52">
         <path>C:\ti\ccsv6\tools\compiler\ti-cgt-msp430_4.4.3\lib\</path>
         <kind>archive</kind>
         <file>rts430_eabi.lib</file>
         <name>pre_init.obj</name>
      </input_file>
      <input_file id="fl-53">
         <path>C:\ti\ccsv6\tools\compiler\ti-cgt-msp430_4.4.3\lib\</path>
         <kind>archive</kind>
         <file>rts430_eabi.lib</file>
         <name>typeinfo_.obj</name>
      </input_file>
      <input_file id="fl-54">
         <path>C:\ti\ccsv6\tools\compiler\ti-cgt-msp430_4.4.3\lib\</path>
         <kind>archive</kind>
         <file>rts430_eabi.lib</file>
         <name>_lock.obj</name>
      </input_file>
      <input_file id="fl-55">
         <path>C:\ti\ccsv6\tools\compiler\ti-cgt-msp430_4.4.3\lib\</path>
         <kind>archive</kind>
         <file>rts430_eabi.lib</file>
         <name>args_main.obj</name>
      </input_file>
      <input_file id="fl-56">
         <path>C:\ti\ccsv6\tools\compiler\ti-cgt-msp430_4.4.3\lib\</path>
         <kind>archive</kind>
         <file>rts430_eabi.lib</file>
         <name>autoinit.obj</name>
      </input_file>
   </input_file_list>
   <object_component_list>
      <object_component id="oc-11a">
         <name>.bss</name>
         <uninitialized>true</uninitialized>
         <run_address>0x250</run_address>
         <size>0xe</size>
         <input_file_ref idref="fl-3"/>
      </object_component>
      <object_component id="oc-1a1">
         <name>.common:__dso_handle</name>
         <uninitialized>true</uninitialized>
         <run_address>0x25e</run_address>
         <size>0x2</size>
      </object_component>
      <object_component id="oc-296">
         <name>.common:sys_free</name>
         <uninitialized>true</uninitialized>
         <run_address>0x264</run_address>
         <size>0x2</size>
      </object_component>
      <object_component id="oc-2bb">
         <name>.common:sys_base</name>
         <uninitialized>true</uninitialized>
         <run_address>0x262</run_address>
         <size>0x2</size>
      </object_component>
      <object_component id="oc-2ba">
         <name>.common:memsize</name>
         <uninitialized>true</uninitialized>
         <run_address>0x260</run_address>
         <size>0x2</size>
      </object_component>
      <object_component id="oc-8d">
         <name>.sysmem</name>
         <uninitialized>true</uninitialized>
         <run_address>0x200</run_address>
         <size>0x4</size>
         <input_file_ref idref="fl-4d"/>
      </object_component>
      <object_component id="oc-34e">
         <name>.sysmem</name>
         <uninitialized>true</uninitialized>
         <run_address>0x200</run_address>
         <size>0x0</size>
      </object_component>
      <object_component id="oc-89">
         <name>.stack</name>
         <uninitialized>true</uninitialized>
         <run_address>0x5b0</run_address>
         <size>0x2</size>
         <input_file_ref idref="fl-32"/>
      </object_component>
      <object_component id="oc-34d">
         <name>.stack</name>
         <uninitialized>true</uninitialized>
         <run_address>0x5b0</run_address>
         <size>0x0</size>
      </object_component>
      <object_component id="oc-dc">
         <name>.text:main</name>
         <load_address>0x8000</load_address>
         <run_address>0x8000</run_address>
         <size>0x34c</size>
         <input_file_ref idref="fl-3"/>
      </object_component>
      <object_component id="oc-123">
         <name>.text:_ZN13WS2812B_Strip4showEv</name>
         <load_address>0x834c</load_address>
         <run_address>0x834c</run_address>
         <size>0x1a4</size>
         <input_file_ref idref="fl-2"/>
      </object_component>
      <object_component id="oc-231">
         <name>.text:malloc</name>
         <load_address>0x84f0</load_address>
         <run_address>0x84f0</run_address>
         <size>0xae</size>
         <input_file_ref idref="fl-4d"/>
      </object_component>
      <object_component id="oc-16a">
         <name>.text:_Z7breathemm</name>
         <load_address>0x859e</load_address>
         <run_address>0x859e</run_address>
         <size>0xaa</size>
         <input_file_ref idref="fl-3"/>
      </object_component>
      <object_component id="oc-164">
         <name>.text:_Z19theaterChaseRainbowh</name>
         <load_address>0x8648</load_address>
         <run_address>0x8648</run_address>
         <size>0x92</size>
         <input_file_ref idref="fl-3"/>
      </object_component>
      <object_component id="oc-176">
         <name>.text:_ZN13WS2812B_Strip13setPixelColorEjm</name>
         <load_address>0x86da</load_address>
         <run_address>0x86da</run_address>
         <size>0x84</size>
         <input_file_ref idref="fl-2"/>
      </object_component>
      <object_component id="oc-238">
         <name>.text:free</name>
         <load_address>0x875e</load_address>
         <run_address>0x875e</run_address>
         <size>0x80</size>
         <input_file_ref idref="fl-4d"/>
      </object_component>
      <object_component id="oc-15e">
         <name>.text:_Z12theaterChasemh</name>
         <load_address>0x87de</load_address>
         <run_address>0x87de</run_address>
         <size>0x7a</size>
         <input_file_ref idref="fl-3"/>
      </object_component>
      <object_component id="oc-aa">
         <name>.text:_Z6Port_1v</name>
         <load_address>0x8858</load_address>
         <run_address>0x8858</run_address>
         <size>0x7a</size>
         <input_file_ref idref="fl-3"/>
      </object_component>
      <object_component id="oc-146">
         <name>.text:_ZN13WS2812B_Strip13setBrightnessEh</name>
         <load_address>0x88d2</load_address>
         <run_address>0x88d2</run_address>
         <size>0x70</size>
         <input_file_ref idref="fl-2"/>
      </object_component>
      <object_component id="oc-9d">
         <name>.text:__TI_decompress_rle_core</name>
         <load_address>0x8942</load_address>
         <run_address>0x8942</run_address>
         <size>0x64</size>
         <input_file_ref idref="fl-35"/>
      </object_component>
      <object_component id="oc-158">
         <name>.text:_Z12rainbowCycleh</name>
         <load_address>0x89a6</load_address>
         <run_address>0x89a6</run_address>
         <size>0x62</size>
         <input_file_ref idref="fl-3"/>
      </object_component>
      <object_component id="oc-200">
         <name>.text:_Z5Wheelh</name>
         <load_address>0x8a08</load_address>
         <run_address>0x8a08</run_address>
         <size>0x5e</size>
         <input_file_ref idref="fl-3"/>
      </object_component>
      <object_component id="oc-215">
         <name>.text:l_lsr_const</name>
         <load_address>0x8a66</load_address>
         <run_address>0x8a66</run_address>
         <size>0x5c</size>
         <input_file_ref idref="fl-4b"/>
      </object_component>
      <object_component id="oc-c2">
         <name>.text:_auto_init</name>
         <load_address>0x8ac2</load_address>
         <run_address>0x8ac2</run_address>
         <size>0x58</size>
         <input_file_ref idref="fl-56"/>
      </object_component>
      <object_component id="oc-26e">
         <name>.text</name>
         <load_address>0x8b1a</load_address>
         <run_address>0x8b1a</run_address>
         <size>0x58</size>
         <input_file_ref idref="fl-3b"/>
      </object_component>
      <object_component id="oc-152">
         <name>.text:_Z7rainbowh</name>
         <load_address>0x8b72</load_address>
         <run_address>0x8b72</run_address>
         <size>0x52</size>
         <input_file_ref idref="fl-3"/>
      </object_component>
      <object_component id="oc-299">
         <name>.text:__cxa_finalize</name>
         <load_address>0x8bc4</load_address>
         <run_address>0x8bc4</run_address>
         <size>0x4e</size>
         <input_file_ref idref="fl-3c"/>
      </object_component>
      <object_component id="oc-1a4">
         <name>.text:_Z11__TI_atexitPFYvPvES_S_</name>
         <load_address>0x8c12</load_address>
         <run_address>0x8c12</run_address>
         <size>0x4c</size>
         <input_file_ref idref="fl-3c"/>
      </object_component>
      <object_component id="oc-221">
         <name>.text:_Z9colorWipemm</name>
         <load_address>0x8c5e</load_address>
         <run_address>0x8c5e</run_address>
         <size>0x4a</size>
         <input_file_ref idref="fl-3"/>
      </object_component>
      <object_component id="oc-195">
         <name>.text:_ZN13WS2812B_StripC1Ej</name>
         <load_address>0x8ca8</load_address>
         <run_address>0x8ca8</run_address>
         <size>0x48</size>
         <input_file_ref idref="fl-2"/>
      </object_component>
      <object_component id="oc-1ed">
         <name>.text</name>
         <load_address>0x8cf0</load_address>
         <run_address>0x8cf0</run_address>
         <size>0x40</size>
         <input_file_ref idref="fl-3a"/>
      </object_component>
      <object_component id="oc-27c">
         <name>.text:l_lsl_const</name>
         <load_address>0x8d30</load_address>
         <run_address>0x8d30</run_address>
         <size>0x3e</size>
         <input_file_ref idref="fl-4a"/>
      </object_component>
      <object_component id="oc-290">
         <name>.text:minit</name>
         <load_address>0x8d6e</load_address>
         <run_address>0x8d6e</run_address>
         <size>0x38</size>
         <input_file_ref idref="fl-4d"/>
      </object_component>
      <object_component id="oc-17c">
         <name>.text:_Z23fillStripWithSolidColorm</name>
         <load_address>0x8da6</load_address>
         <run_address>0x8da6</run_address>
         <size>0x36</size>
         <input_file_ref idref="fl-3"/>
      </object_component>
      <object_component id="oc-14c">
         <name>.text:_Z8delay_msm</name>
         <load_address>0x8ddc</load_address>
         <run_address>0x8ddc</run_address>
         <size>0x34</size>
         <input_file_ref idref="fl-3"/>
      </object_component>
      <object_component id="oc-209">
         <name>.text</name>
         <load_address>0x8e10</load_address>
         <run_address>0x8e10</run_address>
         <size>0x2c</size>
         <input_file_ref idref="fl-38"/>
      </object_component>
      <object_component id="oc-ce">
         <name>.text:exit</name>
         <load_address>0x8e3c</load_address>
         <run_address>0x8e3c</run_address>
         <size>0x2a</size>
         <input_file_ref idref="fl-3e"/>
      </object_component>
      <object_component id="oc-1f8">
         <name>.text</name>
         <load_address>0x8e66</load_address>
         <run_address>0x8e66</run_address>
         <size>0x26</size>
         <input_file_ref idref="fl-51"/>
      </object_component>
      <object_component id="oc-19b">
         <name>.text:_ZN13WS2812B_StripD1Ev</name>
         <load_address>0x8e8c</load_address>
         <run_address>0x8e8c</run_address>
         <size>0x1c</size>
         <input_file_ref idref="fl-2"/>
      </object_component>
      <object_component id="oc-58">
         <name>.text:_c_int00_noargs</name>
         <load_address>0x8ea8</load_address>
         <run_address>0x8ea8</run_address>
         <size>0x1c</size>
         <input_file_ref idref="fl-33"/>
      </object_component>
      <object_component id="oc-170">
         <name>.text:_Z9testColorhhhm</name>
         <load_address>0x8ec4</load_address>
         <run_address>0x8ec4</run_address>
         <size>0x1a</size>
         <input_file_ref idref="fl-3"/>
      </object_component>
      <object_component id="oc-f0">
         <name>.text:__sti___8_main_cpp_511cc281</name>
         <load_address>0x8ede</load_address>
         <run_address>0x8ede</run_address>
         <size>0x1a</size>
         <input_file_ref idref="fl-3"/>
      </object_component>
      <object_component id="oc-21b">
         <name>.text:_ZN13WS2812B_Strip5colorEhhh</name>
         <load_address>0x8ef8</load_address>
         <run_address>0x8ef8</run_address>
         <size>0x16</size>
         <input_file_ref idref="fl-2"/>
      </object_component>
      <object_component id="oc-288">
         <name>.text:_ZN13WS2812B_StripD0Ev</name>
         <load_address>0x8f0e</load_address>
         <run_address>0x8f0e</run_address>
         <size>0x16</size>
         <input_file_ref idref="fl-2"/>
      </object_component>
      <object_component id="oc-1e8">
         <name>.text</name>
         <load_address>0x8f24</load_address>
         <run_address>0x8f24</run_address>
         <size>0x16</size>
         <input_file_ref idref="fl-39"/>
      </object_component>
      <object_component id="oc-46">
         <name>.text:decompress:ZI:__TI_zero_init</name>
         <load_address>0x8f3a</load_address>
         <run_address>0x8f3a</run_address>
         <size>0x14</size>
         <input_file_ref idref="fl-36"/>
      </object_component>
      <object_component id="oc-1be">
         <name>.text:memset</name>
         <load_address>0x8f4e</load_address>
         <run_address>0x8f4e</run_address>
         <size>0x14</size>
         <input_file_ref idref="fl-4e"/>
      </object_component>
      <object_component id="oc-1f2">
         <name>.text</name>
         <load_address>0x8f62</load_address>
         <run_address>0x8f62</run_address>
         <size>0x14</size>
         <input_file_ref idref="fl-50"/>
      </object_component>
      <object_component id="oc-2f">
         <name>.text:decompress:none:__TI_decompress_none</name>
         <load_address>0x8f76</load_address>
         <run_address>0x8f76</run_address>
         <size>0x12</size>
         <input_file_ref idref="fl-34"/>
      </object_component>
      <object_component id="oc-90">
         <name>.text:memcpy</name>
         <load_address>0x8f88</load_address>
         <run_address>0x8f88</run_address>
         <size>0x12</size>
         <input_file_ref idref="fl-4c"/>
      </object_component>
      <object_component id="oc-11d">
         <name>.text:_ZN13WS2812B_Strip5clearEv</name>
         <load_address>0x8f9a</load_address>
         <run_address>0x8f9a</run_address>
         <size>0x10</size>
         <input_file_ref idref="fl-2"/>
      </object_component>
      <object_component id="oc-10f">
         <name>.text</name>
         <load_address>0x8faa</load_address>
         <run_address>0x8faa</run_address>
         <size>0x10</size>
         <input_file_ref idref="fl-3d"/>
      </object_component>
      <object_component id="oc-2c9">
         <name>.text:_ZN10__cxxabiv117__class_type_infoD0Ev</name>
         <load_address>0x8fba</load_address>
         <run_address>0x8fba</run_address>
         <size>0xa</size>
         <input_file_ref idref="fl-53"/>
      </object_component>
      <object_component id="oc-303">
         <name>.text:_ZN10__cxxabiv120__si_class_type_infoD0Ev</name>
         <load_address>0x8fc4</load_address>
         <run_address>0x8fc4</run_address>
         <size>0xa</size>
         <input_file_ref idref="fl-53"/>
      </object_component>
      <object_component id="oc-2b0">
         <name>.text:_ZdlPv</name>
         <load_address>0x8fce</load_address>
         <run_address>0x8fce</run_address>
         <size>0xa</size>
         <input_file_ref idref="fl-37"/>
      </object_component>
      <object_component id="oc-182">
         <name>.text:_Z23fillStripWithSolidColorhhh</name>
         <load_address>0x8fd8</load_address>
         <run_address>0x8fd8</run_address>
         <size>0x8</size>
         <input_file_ref idref="fl-3"/>
      </object_component>
      <object_component id="oc-20f">
         <name>.text:_ZNK13WS2812B_Strip13getBrightnessEv</name>
         <load_address>0x8fe0</load_address>
         <run_address>0x8fe0</run_address>
         <size>0x6</size>
         <input_file_ref idref="fl-2"/>
      </object_component>
      <object_component id="oc-188">
         <name>.text:_ZNK13WS2812B_Strip17getNumberOfPixelsEv</name>
         <load_address>0x8fe6</load_address>
         <run_address>0x8fe6</run_address>
         <size>0x6</size>
         <input_file_ref idref="fl-2"/>
      </object_component>
      <object_component id="oc-250">
         <name>.text:__cxa_ia64_exit</name>
         <load_address>0x8fec</load_address>
         <run_address>0x8fec</run_address>
         <size>0x6</size>
         <input_file_ref idref="fl-3c"/>
      </object_component>
      <object_component id="oc-b0">
         <name>.text:_isr:__TI_ISR_TRAP</name>
         <load_address>0x8ff2</load_address>
         <run_address>0x8ff2</run_address>
         <size>0x6</size>
         <input_file_ref idref="fl-49"/>
      </object_component>
      <object_component id="oc-35">
         <name>.text:decompress:rle24:__TI_decompress_rle24</name>
         <load_address>0x8ff8</load_address>
         <run_address>0x8ff8</run_address>
         <size>0x6</size>
         <input_file_ref idref="fl-35"/>
      </object_component>
      <object_component id="oc-bc">
         <name>.text:_system_pre_init</name>
         <load_address>0x8ffe</load_address>
         <run_address>0x8ffe</run_address>
         <size>0x4</size>
         <input_file_ref idref="fl-52"/>
      </object_component>
      <object_component id="oc-e4">
         <name>.text:abort</name>
         <load_address>0x9002</load_address>
         <run_address>0x9002</run_address>
         <size>0x4</size>
         <input_file_ref idref="fl-3e"/>
      </object_component>
      <object_component id="oc-2c3">
         <name>.text:_ZN10__cxxabiv117__class_type_infoD1Ev</name>
         <load_address>0x9006</load_address>
         <run_address>0x9006</run_address>
         <size>0x2</size>
         <input_file_ref idref="fl-53"/>
      </object_component>
      <object_component id="oc-2fd">
         <name>.text:_ZN10__cxxabiv120__si_class_type_infoD1Ev</name>
         <load_address>0x9008</load_address>
         <run_address>0x9008</run_address>
         <size>0x2</size>
         <input_file_ref idref="fl-53"/>
      </object_component>
      <object_component id="oc-1d6">
         <name>.text:_nop</name>
         <load_address>0x900a</load_address>
         <run_address>0x900a</run_address>
         <size>0x2</size>
         <input_file_ref idref="fl-54"/>
      </object_component>
      <object_component id="oc-34c">
         <name>.cinit..data.load</name>
         <load_address>0x90a0</load_address>
         <run_address>0x90a0</run_address>
         <size>0x12</size>
      </object_component>
      <object_component id="oc-349">
         <name>__TI_handler_table</name>
         <load_address>0x90b2</load_address>
         <run_address>0x90b2</run_address>
         <size>0x6</size>
      </object_component>
      <object_component id="oc-34b">
         <name>.cinit..bss.load</name>
         <load_address>0x90b8</load_address>
         <run_address>0x90b8</run_address>
         <size>0x4</size>
      </object_component>
      <object_component id="oc-34a">
         <name>__TI_cinit_table</name>
         <load_address>0x90bc</load_address>
         <run_address>0x90bc</run_address>
         <size>0x8</size>
      </object_component>
      <object_component id="oc-30d">
         <name>.const:.typeinfo:_ZTSN10__cxxabiv120__si_class_type_infoE</name>
         <load_address>0x900c</load_address>
         <run_address>0x900c</run_address>
         <size>0x25</size>
         <input_file_ref idref="fl-53"/>
      </object_component>
      <object_component id="oc-2d8">
         <name>.const:.typeinfo:_ZTSN10__cxxabiv117__class_type_infoE</name>
         <load_address>0x9032</load_address>
         <run_address>0x9032</run_address>
         <size>0x22</size>
         <input_file_ref idref="fl-53"/>
      </object_component>
      <object_component id="oc-2ab">
         <name>.const:.typeinfo:_ZTS13WS2812B_Strip</name>
         <load_address>0x9054</load_address>
         <run_address>0x9054</run_address>
         <size>0x10</size>
         <input_file_ref idref="fl-2"/>
      </object_component>
      <object_component id="oc-308">
         <name>.const:.typeinfo:_ZTSSt9type_info</name>
         <load_address>0x9064</load_address>
         <run_address>0x9064</run_address>
         <size>0xd</size>
         <input_file_ref idref="fl-53"/>
      </object_component>
      <object_component id="oc-22c">
         <name>.const:_ZTV13WS2812B_Strip</name>
         <load_address>0x9072</load_address>
         <run_address>0x9072</run_address>
         <size>0x8</size>
         <input_file_ref idref="fl-2"/>
      </object_component>
      <object_component id="oc-2a6">
         <name>.const:_ZTVN10__cxxabiv117__class_type_infoE</name>
         <load_address>0x907a</load_address>
         <run_address>0x907a</run_address>
         <size>0x8</size>
         <input_file_ref idref="fl-53"/>
      </object_component>
      <object_component id="oc-2d3">
         <name>.const:_ZTVN10__cxxabiv120__si_class_type_infoE</name>
         <load_address>0x9082</load_address>
         <run_address>0x9082</run_address>
         <size>0x8</size>
         <input_file_ref idref="fl-53"/>
      </object_component>
      <object_component id="oc-2be">
         <name>.const:.typeinfo:_ZTIN10__cxxabiv117__class_type_infoE</name>
         <load_address>0x908a</load_address>
         <run_address>0x908a</run_address>
         <size>0x6</size>
         <input_file_ref idref="fl-53"/>
      </object_component>
      <object_component id="oc-2f8">
         <name>.const:.typeinfo:_ZTIN10__cxxabiv120__si_class_type_infoE</name>
         <load_address>0x9090</load_address>
         <run_address>0x9090</run_address>
         <size>0x6</size>
         <input_file_ref idref="fl-53"/>
      </object_component>
      <object_component id="oc-283">
         <name>.const:.typeinfo:_ZTI13WS2812B_Strip</name>
         <load_address>0x9096</load_address>
         <run_address>0x9096</run_address>
         <size>0x4</size>
         <input_file_ref idref="fl-2"/>
      </object_component>
      <object_component id="oc-2dd">
         <name>.const:.typeinfo:_ZTISt9type_info</name>
         <load_address>0x909a</load_address>
         <run_address>0x909a</run_address>
         <size>0x4</size>
         <input_file_ref idref="fl-53"/>
      </object_component>
      <object_component id="oc-88">
         <name>.init_array</name>
         <load_address>0x909e</load_address>
         <run_address>0x909e</run_address>
         <size>0x2</size>
         <input_file_ref idref="fl-3"/>
      </object_component>
      <object_component id="oc-3b">
         <name>.int02</name>
         <load_address>0xffe4</load_address>
         <run_address>0xffe4</run_address>
         <size>0x2</size>
         <input_file_ref idref="fl-3"/>
      </object_component>
      <object_component id="oc-3c">
         <name>.int03</name>
         <load_address>0xffe6</load_address>
         <run_address>0xffe6</run_address>
         <size>0x2</size>
         <input_file_ref idref="fl-3f"/>
      </object_component>
      <object_component id="oc-3d">
         <name>.int05</name>
         <load_address>0xffea</load_address>
         <run_address>0xffea</run_address>
         <size>0x2</size>
         <input_file_ref idref="fl-40"/>
      </object_component>
      <object_component id="oc-3e">
         <name>.int06</name>
         <load_address>0xffec</load_address>
         <run_address>0xffec</run_address>
         <size>0x2</size>
         <input_file_ref idref="fl-41"/>
      </object_component>
      <object_component id="oc-3f">
         <name>.int07</name>
         <load_address>0xffee</load_address>
         <run_address>0xffee</run_address>
         <size>0x2</size>
         <input_file_ref idref="fl-42"/>
      </object_component>
      <object_component id="oc-40">
         <name>.int08</name>
         <load_address>0xfff0</load_address>
         <run_address>0xfff0</run_address>
         <size>0x2</size>
         <input_file_ref idref="fl-43"/>
      </object_component>
      <object_component id="oc-41">
         <name>.int09</name>
         <load_address>0xfff2</load_address>
         <run_address>0xfff2</run_address>
         <size>0x2</size>
         <input_file_ref idref="fl-44"/>
      </object_component>
      <object_component id="oc-42">
         <name>.int10</name>
         <load_address>0xfff4</load_address>
         <run_address>0xfff4</run_address>
         <size>0x2</size>
         <input_file_ref idref="fl-45"/>
      </object_component>
      <object_component id="oc-43">
         <name>.int12</name>
         <load_address>0xfff8</load_address>
         <run_address>0xfff8</run_address>
         <size>0x2</size>
         <input_file_ref idref="fl-46"/>
      </object_component>
      <object_component id="oc-44">
         <name>.int13</name>
         <load_address>0xfffa</load_address>
         <run_address>0xfffa</run_address>
         <size>0x2</size>
         <input_file_ref idref="fl-47"/>
      </object_component>
      <object_component id="oc-45">
         <name>.int14</name>
         <load_address>0xfffc</load_address>
         <run_address>0xfffc</run_address>
         <size>0x2</size>
         <input_file_ref idref="fl-48"/>
      </object_component>
      <object_component id="oc-8c">
         <name>.reset</name>
         <load_address>0xfffe</load_address>
         <run_address>0xfffe</run_address>
         <size>0x2</size>
         <input_file_ref idref="fl-32"/>
      </object_component>
      <object_component id="oc-117">
         <name>.data</name>
         <load_address>0x26e</load_address>
         <run_address>0x26e</run_address>
         <size>0x2</size>
         <input_file_ref idref="fl-3"/>
      </object_component>
      <object_component id="oc-13d">
         <name>.data:__TI_cleanup_ptr</name>
         <load_address>0x266</load_address>
         <run_address>0x266</run_address>
         <size>0x2</size>
         <input_file_ref idref="fl-32"/>
      </object_component>
      <object_component id="oc-13a">
         <name>.data:__TI_dtors_ptr</name>
         <load_address>0x268</load_address>
         <run_address>0x268</run_address>
         <size>0x2</size>
         <input_file_ref idref="fl-32"/>
      </object_component>
      <object_component id="oc-256">
         <name>.data</name>
         <load_address>0x270</load_address>
         <run_address>0x270</run_address>
         <size>0x2</size>
         <input_file_ref idref="fl-3c"/>
      </object_component>
      <object_component id="oc-28d">
         <name>.data</name>
         <load_address>0x272</load_address>
         <run_address>0x272</run_address>
         <size>0x2</size>
         <input_file_ref idref="fl-4d"/>
      </object_component>
      <object_component id="oc-137">
         <name>.data:_lock</name>
         <load_address>0x26a</load_address>
         <run_address>0x26a</run_address>
         <size>0x2</size>
         <input_file_ref idref="fl-54"/>
      </object_component>
      <object_component id="oc-140">
         <name>.data:_unlock</name>
         <load_address>0x26c</load_address>
         <run_address>0x26c</run_address>
         <size>0x2</size>
         <input_file_ref idref="fl-54"/>
      </object_component>
      <object_component id="oc-1c5">
         <name>.debug_info</name>
         <load_address>0x0</load_address>
         <run_address>0x0</run_address>
         <size>0x883</size>
         <input_file_ref idref="fl-2"/>
      </object_component>
      <object_component id="oc-22d">
         <name>.debug_info</name>
         <load_address>0x883</load_address>
         <run_address>0x883</run_address>
         <size>0x139</size>
         <input_file_ref idref="fl-2"/>
      </object_component>
      <object_component id="oc-284">
         <name>.debug_info</name>
         <load_address>0x9bc</load_address>
         <run_address>0x9bc</run_address>
         <size>0x12b</size>
         <input_file_ref idref="fl-2"/>
      </object_component>
      <object_component id="oc-2ac">
         <name>.debug_info</name>
         <load_address>0xae7</load_address>
         <run_address>0xae7</run_address>
         <size>0x130</size>
         <input_file_ref idref="fl-2"/>
      </object_component>
      <object_component id="oc-189">
         <name>.debug_info</name>
         <load_address>0xc17</load_address>
         <run_address>0xc17</run_address>
         <size>0x19e</size>
         <input_file_ref idref="fl-2"/>
      </object_component>
      <object_component id="oc-210">
         <name>.debug_info</name>
         <load_address>0xdb5</load_address>
         <run_address>0xdb5</run_address>
         <size>0x196</size>
         <input_file_ref idref="fl-2"/>
      </object_component>
      <object_component id="oc-19c">
         <name>.debug_info</name>
         <load_address>0xf4b</load_address>
         <run_address>0xf4b</run_address>
         <size>0x191</size>
         <input_file_ref idref="fl-2"/>
      </object_component>
      <object_component id="oc-289">
         <name>.debug_info</name>
         <load_address>0x10dc</load_address>
         <run_address>0x10dc</run_address>
         <size>0x17c</size>
         <input_file_ref idref="fl-2"/>
      </object_component>
      <object_component id="oc-196">
         <name>.debug_info</name>
         <load_address>0x1258</load_address>
         <run_address>0x1258</run_address>
         <size>0x1b5</size>
         <input_file_ref idref="fl-2"/>
      </object_component>
      <object_component id="oc-21c">
         <name>.debug_info</name>
         <load_address>0x140d</load_address>
         <run_address>0x140d</run_address>
         <size>0x1c7</size>
         <input_file_ref idref="fl-2"/>
      </object_component>
      <object_component id="oc-11e">
         <name>.debug_info</name>
         <load_address>0x15d4</load_address>
         <run_address>0x15d4</run_address>
         <size>0x18c</size>
         <input_file_ref idref="fl-2"/>
      </object_component>
      <object_component id="oc-124">
         <name>.debug_info</name>
         <load_address>0x1760</load_address>
         <run_address>0x1760</run_address>
         <size>0x35b</size>
         <input_file_ref idref="fl-2"/>
      </object_component>
      <object_component id="oc-177">
         <name>.debug_info</name>
         <load_address>0x1abb</load_address>
         <run_address>0x1abb</run_address>
         <size>0x242</size>
         <input_file_ref idref="fl-2"/>
      </object_component>
      <object_component id="oc-147">
         <name>.debug_info</name>
         <load_address>0x1cfd</load_address>
         <run_address>0x1cfd</run_address>
         <size>0x25b</size>
         <input_file_ref idref="fl-2"/>
      </object_component>
      <object_component id="oc-1b9">
         <name>.debug_info</name>
         <load_address>0x1f58</load_address>
         <run_address>0x1f58</run_address>
         <size>0x272</size>
         <input_file_ref idref="fl-2"/>
      </object_component>
      <object_component id="oc-f8">
         <name>.debug_info</name>
         <load_address>0x21ca</load_address>
         <run_address>0x21ca</run_address>
         <size>0x84</size>
         <input_file_ref idref="fl-2"/>
      </object_component>
      <object_component id="oc-263">
         <name>.debug_info</name>
         <load_address>0x224e</load_address>
         <run_address>0x224e</run_address>
         <size>0x15a</size>
         <input_file_ref idref="fl-2"/>
      </object_component>
      <object_component id="oc-12a">
         <name>.debug_info</name>
         <load_address>0x23a8</load_address>
         <run_address>0x23a8</run_address>
         <size>0x18b</size>
         <input_file_ref idref="fl-2"/>
      </object_component>
      <object_component id="oc-1fe">
         <name>.debug_info</name>
         <load_address>0x2533</load_address>
         <run_address>0x2533</run_address>
         <size>0x7b1</size>
         <input_file_ref idref="fl-3"/>
      </object_component>
      <object_component id="oc-118">
         <name>.debug_info</name>
         <load_address>0x2ce4</load_address>
         <run_address>0x2ce4</run_address>
         <size>0x139</size>
         <input_file_ref idref="fl-3"/>
      </object_component>
      <object_component id="oc-11b">
         <name>.debug_info</name>
         <load_address>0x2e1d</load_address>
         <run_address>0x2e1d</run_address>
         <size>0xfe</size>
         <input_file_ref idref="fl-3"/>
      </object_component>
      <object_component id="oc-17d">
         <name>.debug_info</name>
         <load_address>0x2f1b</load_address>
         <run_address>0x2f1b</run_address>
         <size>0x215</size>
         <input_file_ref idref="fl-3"/>
      </object_component>
      <object_component id="oc-183">
         <name>.debug_info</name>
         <load_address>0x3130</load_address>
         <run_address>0x3130</run_address>
         <size>0x1ce</size>
         <input_file_ref idref="fl-3"/>
      </object_component>
      <object_component id="oc-14d">
         <name>.debug_info</name>
         <load_address>0x32fe</load_address>
         <run_address>0x32fe</run_address>
         <size>0x188</size>
         <input_file_ref idref="fl-3"/>
      </object_component>
      <object_component id="oc-222">
         <name>.debug_info</name>
         <load_address>0x3486</load_address>
         <run_address>0x3486</run_address>
         <size>0x258</size>
         <input_file_ref idref="fl-3"/>
      </object_component>
      <object_component id="oc-171">
         <name>.debug_info</name>
         <load_address>0x36de</load_address>
         <run_address>0x36de</run_address>
         <size>0x1e3</size>
         <input_file_ref idref="fl-3"/>
      </object_component>
      <object_component id="oc-201">
         <name>.debug_info</name>
         <load_address>0x38c1</load_address>
         <run_address>0x38c1</run_address>
         <size>0x197</size>
         <input_file_ref idref="fl-3"/>
      </object_component>
      <object_component id="oc-153">
         <name>.debug_info</name>
         <load_address>0x3a58</load_address>
         <run_address>0x3a58</run_address>
         <size>0x220</size>
         <input_file_ref idref="fl-3"/>
      </object_component>
      <object_component id="oc-159">
         <name>.debug_info</name>
         <load_address>0x3c78</load_address>
         <run_address>0x3c78</run_address>
         <size>0x26e</size>
         <input_file_ref idref="fl-3"/>
      </object_component>
      <object_component id="oc-15f">
         <name>.debug_info</name>
         <load_address>0x3ee6</load_address>
         <run_address>0x3ee6</run_address>
         <size>0x297</size>
         <input_file_ref idref="fl-3"/>
      </object_component>
      <object_component id="oc-165">
         <name>.debug_info</name>
         <load_address>0x417d</load_address>
         <run_address>0x417d</run_address>
         <size>0x2bd</size>
         <input_file_ref idref="fl-3"/>
      </object_component>
      <object_component id="oc-16b">
         <name>.debug_info</name>
         <load_address>0x443a</load_address>
         <run_address>0x443a</run_address>
         <size>0x322</size>
         <input_file_ref idref="fl-3"/>
      </object_component>
      <object_component id="oc-dd">
         <name>.debug_info</name>
         <load_address>0x475c</load_address>
         <run_address>0x475c</run_address>
         <size>0x5c9</size>
         <input_file_ref idref="fl-3"/>
      </object_component>
      <object_component id="oc-f1">
         <name>.debug_info</name>
         <load_address>0x4d25</load_address>
         <run_address>0x4d25</run_address>
         <size>0x164</size>
         <input_file_ref idref="fl-3"/>
      </object_component>
      <object_component id="oc-ab">
         <name>.debug_info</name>
         <load_address>0x4e89</load_address>
         <run_address>0x4e89</run_address>
         <size>0x182</size>
         <input_file_ref idref="fl-3"/>
      </object_component>
      <object_component id="oc-18f">
         <name>.debug_info</name>
         <load_address>0x500b</load_address>
         <run_address>0x500b</run_address>
         <size>0x8b</size>
         <input_file_ref idref="fl-3"/>
      </object_component>
      <object_component id="oc-1e1">
         <name>.debug_info</name>
         <load_address>0x5096</load_address>
         <run_address>0x5096</run_address>
         <size>0x1c9</size>
         <input_file_ref idref="fl-32"/>
      </object_component>
      <object_component id="oc-13e">
         <name>.debug_info</name>
         <load_address>0x525f</load_address>
         <run_address>0x525f</run_address>
         <size>0xec</size>
         <input_file_ref idref="fl-32"/>
      </object_component>
      <object_component id="oc-13b">
         <name>.debug_info</name>
         <load_address>0x534b</load_address>
         <run_address>0x534b</run_address>
         <size>0xe8</size>
         <input_file_ref idref="fl-32"/>
      </object_component>
      <object_component id="oc-8a">
         <name>.debug_info</name>
         <load_address>0x5433</load_address>
         <run_address>0x5433</run_address>
         <size>0xd8</size>
         <input_file_ref idref="fl-32"/>
      </object_component>
      <object_component id="oc-5a">
         <name>.debug_info</name>
         <load_address>0x550b</load_address>
         <run_address>0x550b</run_address>
         <size>0x16a</size>
         <input_file_ref idref="fl-33"/>
      </object_component>
      <object_component id="oc-9c">
         <name>.debug_info</name>
         <load_address>0x5675</load_address>
         <run_address>0x5675</run_address>
         <size>0x195</size>
         <input_file_ref idref="fl-34"/>
      </object_component>
      <object_component id="oc-30">
         <name>.debug_info</name>
         <load_address>0x580a</load_address>
         <run_address>0x580a</run_address>
         <size>0x1c2</size>
         <input_file_ref idref="fl-34"/>
      </object_component>
      <object_component id="oc-97">
         <name>.debug_info</name>
         <load_address>0x59cc</load_address>
         <run_address>0x59cc</run_address>
         <size>0x46</size>
         <input_file_ref idref="fl-34"/>
      </object_component>
      <object_component id="oc-108">
         <name>.debug_info</name>
         <load_address>0x5a12</load_address>
         <run_address>0x5a12</run_address>
         <size>0x2c</size>
         <input_file_ref idref="fl-34"/>
      </object_component>
      <object_component id="oc-a4">
         <name>.debug_info</name>
         <load_address>0x5a3e</load_address>
         <run_address>0x5a3e</run_address>
         <size>0x157</size>
         <input_file_ref idref="fl-35"/>
      </object_component>
      <object_component id="oc-9e">
         <name>.debug_info</name>
         <load_address>0x5b95</load_address>
         <run_address>0x5b95</run_address>
         <size>0x21d</size>
         <input_file_ref idref="fl-35"/>
      </object_component>
      <object_component id="oc-36">
         <name>.debug_info</name>
         <load_address>0x5db2</load_address>
         <run_address>0x5db2</run_address>
         <size>0x194</size>
         <input_file_ref idref="fl-35"/>
      </object_component>
      <object_component id="oc-a5">
         <name>.debug_info</name>
         <load_address>0x5f46</load_address>
         <run_address>0x5f46</run_address>
         <size>0x39</size>
         <input_file_ref idref="fl-35"/>
      </object_component>
      <object_component id="oc-bb">
         <name>.debug_info</name>
         <load_address>0x5f7f</load_address>
         <run_address>0x5f7f</run_address>
         <size>0x14d</size>
         <input_file_ref idref="fl-36"/>
      </object_component>
      <object_component id="oc-47">
         <name>.debug_info</name>
         <load_address>0x60cc</load_address>
         <run_address>0x60cc</run_address>
         <size>0x198</size>
         <input_file_ref idref="fl-36"/>
      </object_component>
      <object_component id="oc-b6">
         <name>.debug_info</name>
         <load_address>0x6264</load_address>
         <run_address>0x6264</run_address>
         <size>0x46</size>
         <input_file_ref idref="fl-36"/>
      </object_component>
      <object_component id="oc-103">
         <name>.debug_info</name>
         <load_address>0x62aa</load_address>
         <run_address>0x62aa</run_address>
         <size>0x2c</size>
         <input_file_ref idref="fl-36"/>
      </object_component>
      <object_component id="oc-2d2">
         <name>.debug_info</name>
         <load_address>0x62d6</load_address>
         <run_address>0x62d6</run_address>
         <size>0x151</size>
         <input_file_ref idref="fl-37"/>
      </object_component>
      <object_component id="oc-2b1">
         <name>.debug_info</name>
         <load_address>0x6427</load_address>
         <run_address>0x6427</run_address>
         <size>0x147</size>
         <input_file_ref idref="fl-37"/>
      </object_component>
      <object_component id="oc-20b">
         <name>.debug_info</name>
         <load_address>0x656e</load_address>
         <run_address>0x656e</run_address>
         <size>0x114</size>
         <input_file_ref idref="fl-38"/>
      </object_component>
      <object_component id="oc-1e9">
         <name>.debug_info</name>
         <load_address>0x6682</load_address>
         <run_address>0x6682</run_address>
         <size>0x100</size>
         <input_file_ref idref="fl-39"/>
      </object_component>
      <object_component id="oc-1ee">
         <name>.debug_info</name>
         <load_address>0x6782</load_address>
         <run_address>0x6782</run_address>
         <size>0x117</size>
         <input_file_ref idref="fl-3a"/>
      </object_component>
      <object_component id="oc-26f">
         <name>.debug_info</name>
         <load_address>0x6899</load_address>
         <run_address>0x6899</run_address>
         <size>0x102</size>
         <input_file_ref idref="fl-3b"/>
      </object_component>
      <object_component id="oc-1a2">
         <name>.debug_info</name>
         <load_address>0x699b</load_address>
         <run_address>0x699b</run_address>
         <size>0x28e</size>
         <input_file_ref idref="fl-3c"/>
      </object_component>
      <object_component id="oc-257">
         <name>.debug_info</name>
         <load_address>0x6c29</load_address>
         <run_address>0x6c29</run_address>
         <size>0x100</size>
         <input_file_ref idref="fl-3c"/>
      </object_component>
      <object_component id="oc-29a">
         <name>.debug_info</name>
         <load_address>0x6d29</load_address>
         <run_address>0x6d29</run_address>
         <size>0x1b1</size>
         <input_file_ref idref="fl-3c"/>
      </object_component>
      <object_component id="oc-251">
         <name>.debug_info</name>
         <load_address>0x6eda</load_address>
         <run_address>0x6eda</run_address>
         <size>0x153</size>
         <input_file_ref idref="fl-3c"/>
      </object_component>
      <object_component id="oc-1a5">
         <name>.debug_info</name>
         <load_address>0x702d</load_address>
         <run_address>0x702d</run_address>
         <size>0x23c</size>
         <input_file_ref idref="fl-3c"/>
      </object_component>
      <object_component id="oc-24b">
         <name>.debug_info</name>
         <load_address>0x7269</load_address>
         <run_address>0x7269</run_address>
         <size>0x46</size>
         <input_file_ref idref="fl-3c"/>
      </object_component>
      <object_component id="oc-241">
         <name>.debug_info</name>
         <load_address>0x72af</load_address>
         <run_address>0x72af</run_address>
         <size>0x2c</size>
         <input_file_ref idref="fl-3c"/>
      </object_component>
      <object_component id="oc-246">
         <name>.debug_info</name>
         <load_address>0x72db</load_address>
         <run_address>0x72db</run_address>
         <size>0xa3</size>
         <input_file_ref idref="fl-3c"/>
      </object_component>
      <object_component id="oc-111">
         <name>.debug_info</name>
         <load_address>0x737e</load_address>
         <run_address>0x737e</run_address>
         <size>0x10d</size>
         <input_file_ref idref="fl-3d"/>
      </object_component>
      <object_component id="oc-144">
         <name>.debug_info</name>
         <load_address>0x748b</load_address>
         <run_address>0x748b</run_address>
         <size>0x1d8</size>
         <input_file_ref idref="fl-3e"/>
      </object_component>
      <object_component id="oc-e5">
         <name>.debug_info</name>
         <load_address>0x7663</load_address>
         <run_address>0x7663</run_address>
         <size>0xfa</size>
         <input_file_ref idref="fl-3e"/>
      </object_component>
      <object_component id="oc-cf">
         <name>.debug_info</name>
         <load_address>0x775d</load_address>
         <run_address>0x775d</run_address>
         <size>0x155</size>
         <input_file_ref idref="fl-3e"/>
      </object_component>
      <object_component id="oc-b1">
         <name>.debug_info</name>
         <load_address>0x78b2</load_address>
         <run_address>0x78b2</run_address>
         <size>0xee</size>
         <input_file_ref idref="fl-49"/>
      </object_component>
      <object_component id="oc-27d">
         <name>.debug_info</name>
         <load_address>0x79a0</load_address>
         <run_address>0x79a0</run_address>
         <size>0x105</size>
         <input_file_ref idref="fl-4a"/>
      </object_component>
      <object_component id="oc-216">
         <name>.debug_info</name>
         <load_address>0x7aa5</load_address>
         <run_address>0x7aa5</run_address>
         <size>0x105</size>
         <input_file_ref idref="fl-4b"/>
      </object_component>
      <object_component id="oc-102">
         <name>.debug_info</name>
         <load_address>0x7baa</load_address>
         <run_address>0x7baa</run_address>
         <size>0x150</size>
         <input_file_ref idref="fl-4c"/>
      </object_component>
      <object_component id="oc-91">
         <name>.debug_info</name>
         <load_address>0x7cfa</load_address>
         <run_address>0x7cfa</run_address>
         <size>0x174</size>
         <input_file_ref idref="fl-4c"/>
      </object_component>
      <object_component id="oc-ff">
         <name>.debug_info</name>
         <load_address>0x7e6e</load_address>
         <run_address>0x7e6e</run_address>
         <size>0x273</size>
         <input_file_ref idref="fl-4d"/>
      </object_component>
      <object_component id="oc-8e">
         <name>.debug_info</name>
         <load_address>0x80e1</load_address>
         <run_address>0x80e1</run_address>
         <size>0xe4</size>
         <input_file_ref idref="fl-4d"/>
      </object_component>
      <object_component id="oc-28e">
         <name>.debug_info</name>
         <load_address>0x81c5</load_address>
         <run_address>0x81c5</run_address>
         <size>0xe1</size>
         <input_file_ref idref="fl-4d"/>
      </object_component>
      <object_component id="oc-239">
         <name>.debug_info</name>
         <load_address>0x82a6</load_address>
         <run_address>0x82a6</run_address>
         <size>0x183</size>
         <input_file_ref idref="fl-4d"/>
      </object_component>
      <object_component id="oc-291">
         <name>.debug_info</name>
         <load_address>0x8429</load_address>
         <run_address>0x8429</run_address>
         <size>0x113</size>
         <input_file_ref idref="fl-4d"/>
      </object_component>
      <object_component id="oc-232">
         <name>.debug_info</name>
         <load_address>0x853c</load_address>
         <run_address>0x853c</run_address>
         <size>0x1a4</size>
         <input_file_ref idref="fl-4d"/>
      </object_component>
      <object_component id="oc-25a">
         <name>.debug_info</name>
         <load_address>0x86e0</load_address>
         <run_address>0x86e0</run_address>
         <size>0x2c</size>
         <input_file_ref idref="fl-4d"/>
      </object_component>
      <object_component id="oc-1ad">
         <name>.debug_info</name>
         <load_address>0x870c</load_address>
         <run_address>0x870c</run_address>
         <size>0x6f</size>
         <input_file_ref idref="fl-4d"/>
      </object_component>
      <object_component id="oc-260">
         <name>.debug_info</name>
         <load_address>0x877b</load_address>
         <run_address>0x877b</run_address>
         <size>0x145</size>
         <input_file_ref idref="fl-4e"/>
      </object_component>
      <object_component id="oc-1bf">
         <name>.debug_info</name>
         <load_address>0x88c0</load_address>
         <run_address>0x88c0</run_address>
         <size>0x20d</size>
         <input_file_ref idref="fl-4e"/>
      </object_component>
      <object_component id="oc-1f4">
         <name>.debug_info</name>
         <load_address>0x8acd</load_address>
         <run_address>0x8acd</run_address>
         <size>0x100</size>
         <input_file_ref idref="fl-50"/>
      </object_component>
      <object_component id="oc-1fa">
         <name>.debug_info</name>
         <load_address>0x8bcd</load_address>
         <run_address>0x8bcd</run_address>
         <size>0x100</size>
         <input_file_ref idref="fl-51"/>
      </object_component>
      <object_component id="oc-bd">
         <name>.debug_info</name>
         <load_address>0x8ccd</load_address>
         <run_address>0x8ccd</run_address>
         <size>0x12b</size>
         <input_file_ref idref="fl-52"/>
      </object_component>
      <object_component id="oc-2ce">
         <name>.debug_info</name>
         <load_address>0x8df8</load_address>
         <run_address>0x8df8</run_address>
         <size>0x6d2</size>
         <input_file_ref idref="fl-53"/>
      </object_component>
      <object_component id="oc-2a7">
         <name>.debug_info</name>
         <load_address>0x94ca</load_address>
         <run_address>0x94ca</run_address>
         <size>0x130</size>
         <input_file_ref idref="fl-53"/>
      </object_component>
      <object_component id="oc-2d4">
         <name>.debug_info</name>
         <load_address>0x95fa</load_address>
         <run_address>0x95fa</run_address>
         <size>0x136</size>
         <input_file_ref idref="fl-53"/>
      </object_component>
      <object_component id="oc-2de">
         <name>.debug_info</name>
         <load_address>0x9730</load_address>
         <run_address>0x9730</run_address>
         <size>0xfe</size>
         <input_file_ref idref="fl-53"/>
      </object_component>
      <object_component id="oc-2bf">
         <name>.debug_info</name>
         <load_address>0x982e</load_address>
         <run_address>0x982e</run_address>
         <size>0x122</size>
         <input_file_ref idref="fl-53"/>
      </object_component>
      <object_component id="oc-2f9">
         <name>.debug_info</name>
         <load_address>0x9950</load_address>
         <run_address>0x9950</run_address>
         <size>0x128</size>
         <input_file_ref idref="fl-53"/>
      </object_component>
      <object_component id="oc-309">
         <name>.debug_info</name>
         <load_address>0x9a78</load_address>
         <run_address>0x9a78</run_address>
         <size>0x103</size>
         <input_file_ref idref="fl-53"/>
      </object_component>
      <object_component id="oc-2d9">
         <name>.debug_info</name>
         <load_address>0x9b7b</load_address>
         <run_address>0x9b7b</run_address>
         <size>0x127</size>
         <input_file_ref idref="fl-53"/>
      </object_component>
      <object_component id="oc-30e">
         <name>.debug_info</name>
         <load_address>0x9ca2</load_address>
         <run_address>0x9ca2</run_address>
         <size>0x12d</size>
         <input_file_ref idref="fl-53"/>
      </object_component>
      <object_component id="oc-2fe">
         <name>.debug_info</name>
         <load_address>0x9dcf</load_address>
         <run_address>0x9dcf</run_address>
         <size>0x165</size>
         <input_file_ref idref="fl-53"/>
      </object_component>
      <object_component id="oc-304">
         <name>.debug_info</name>
         <load_address>0x9f34</load_address>
         <run_address>0x9f34</run_address>
         <size>0x15b</size>
         <input_file_ref idref="fl-53"/>
      </object_component>
      <object_component id="oc-2c4">
         <name>.debug_info</name>
         <load_address>0xa08f</load_address>
         <run_address>0xa08f</run_address>
         <size>0x15f</size>
         <input_file_ref idref="fl-53"/>
      </object_component>
      <object_component id="oc-2ca">
         <name>.debug_info</name>
         <load_address>0xa1ee</load_address>
         <run_address>0xa1ee</run_address>
         <size>0x155</size>
         <input_file_ref idref="fl-53"/>
      </object_component>
      <object_component id="oc-2e3">
         <name>.debug_info</name>
         <load_address>0xa343</load_address>
         <run_address>0xa343</run_address>
         <size>0x582</size>
         <input_file_ref idref="fl-53"/>
      </object_component>
      <object_component id="oc-2ec">
         <name>.debug_info</name>
         <load_address>0xa8c5</load_address>
         <run_address>0xa8c5</run_address>
         <size>0x2c</size>
         <input_file_ref idref="fl-53"/>
      </object_component>
      <object_component id="oc-2f1">
         <name>.debug_info</name>
         <load_address>0xa8f1</load_address>
         <run_address>0xa8f1</run_address>
         <size>0xec</size>
         <input_file_ref idref="fl-53"/>
      </object_component>
      <object_component id="oc-1de">
         <name>.debug_info</name>
         <load_address>0xa9dd</load_address>
         <run_address>0xa9dd</run_address>
         <size>0x13b</size>
         <input_file_ref idref="fl-54"/>
      </object_component>
      <object_component id="oc-138">
         <name>.debug_info</name>
         <load_address>0xab18</load_address>
         <run_address>0xab18</run_address>
         <size>0xd7</size>
         <input_file_ref idref="fl-54"/>
      </object_component>
      <object_component id="oc-141">
         <name>.debug_info</name>
         <load_address>0xabef</load_address>
         <run_address>0xabef</run_address>
         <size>0xdb</size>
         <input_file_ref idref="fl-54"/>
      </object_component>
      <object_component id="oc-1d7">
         <name>.debug_info</name>
         <load_address>0xacca</load_address>
         <run_address>0xacca</run_address>
         <size>0x106</size>
         <input_file_ref idref="fl-54"/>
      </object_component>
      <object_component id="oc-134">
         <name>.debug_info</name>
         <load_address>0xadd0</load_address>
         <run_address>0xadd0</run_address>
         <size>0x2cc</size>
         <input_file_ref idref="fl-56"/>
      </object_component>
      <object_component id="oc-c3">
         <name>.debug_info</name>
         <load_address>0xb09c</load_address>
         <run_address>0xb09c</run_address>
         <size>0x17e</size>
         <input_file_ref idref="fl-56"/>
      </object_component>
      <object_component id="oc-1ca">
         <name>.debug_info</name>
         <load_address>0xb21a</load_address>
         <run_address>0xb21a</run_address>
         <size>0x39</size>
         <input_file_ref idref="fl-56"/>
      </object_component>
      <object_component id="oc-34f">
         <name>.debug_info</name>
         <load_address>0xb253</load_address>
         <run_address>0xb253</run_address>
         <size>0xd8</size>
      </object_component>
      <object_component id="oc-262">
         <name>.debug_line</name>
         <load_address>0x0</load_address>
         <run_address>0x0</run_address>
         <size>0x13a</size>
         <input_file_ref idref="fl-2"/>
      </object_component>
      <object_component id="oc-230">
         <name>.debug_line</name>
         <load_address>0x13a</load_address>
         <run_address>0x13a</run_address>
         <size>0x55</size>
         <input_file_ref idref="fl-2"/>
      </object_component>
      <object_component id="oc-287">
         <name>.debug_line</name>
         <load_address>0x18f</load_address>
         <run_address>0x18f</run_address>
         <size>0x55</size>
         <input_file_ref idref="fl-2"/>
      </object_component>
      <object_component id="oc-2af">
         <name>.debug_line</name>
         <load_address>0x1e4</load_address>
         <run_address>0x1e4</run_address>
         <size>0x55</size>
         <input_file_ref idref="fl-2"/>
      </object_component>
      <object_component id="oc-18c">
         <name>.debug_line</name>
         <load_address>0x239</load_address>
         <run_address>0x239</run_address>
         <size>0x4b</size>
         <input_file_ref idref="fl-2"/>
      </object_component>
      <object_component id="oc-213">
         <name>.debug_line</name>
         <load_address>0x284</load_address>
         <run_address>0x284</run_address>
         <size>0x4b</size>
         <input_file_ref idref="fl-2"/>
      </object_component>
      <object_component id="oc-19f">
         <name>.debug_line</name>
         <load_address>0x2cf</load_address>
         <run_address>0x2cf</run_address>
         <size>0x4e</size>
         <input_file_ref idref="fl-2"/>
      </object_component>
      <object_component id="oc-2b7">
         <name>.debug_line</name>
         <load_address>0x31d</load_address>
         <run_address>0x31d</run_address>
         <size>0x20</size>
         <input_file_ref idref="fl-2"/>
      </object_component>
      <object_component id="oc-199">
         <name>.debug_line</name>
         <load_address>0x33d</load_address>
         <run_address>0x33d</run_address>
         <size>0x57</size>
         <input_file_ref idref="fl-2"/>
      </object_component>
      <object_component id="oc-21f">
         <name>.debug_line</name>
         <load_address>0x394</load_address>
         <run_address>0x394</run_address>
         <size>0x4b</size>
         <input_file_ref idref="fl-2"/>
      </object_component>
      <object_component id="oc-121">
         <name>.debug_line</name>
         <load_address>0x3df</load_address>
         <run_address>0x3df</run_address>
         <size>0x4b</size>
         <input_file_ref idref="fl-2"/>
      </object_component>
      <object_component id="oc-127">
         <name>.debug_line</name>
         <load_address>0x42a</load_address>
         <run_address>0x42a</run_address>
         <size>0x15c</size>
         <input_file_ref idref="fl-2"/>
      </object_component>
      <object_component id="oc-17a">
         <name>.debug_line</name>
         <load_address>0x586</load_address>
         <run_address>0x586</run_address>
         <size>0x60</size>
         <input_file_ref idref="fl-2"/>
      </object_component>
      <object_component id="oc-14a">
         <name>.debug_line</name>
         <load_address>0x5e6</load_address>
         <run_address>0x5e6</run_address>
         <size>0x6e</size>
         <input_file_ref idref="fl-2"/>
      </object_component>
      <object_component id="oc-1bc">
         <name>.debug_line</name>
         <load_address>0x654</load_address>
         <run_address>0x654</run_address>
         <size>0x36</size>
         <input_file_ref idref="fl-2"/>
      </object_component>
      <object_component id="oc-fb">
         <name>.debug_line</name>
         <load_address>0x68a</load_address>
         <run_address>0x68a</run_address>
         <size>0x20</size>
         <input_file_ref idref="fl-2"/>
      </object_component>
      <object_component id="oc-266">
         <name>.debug_line</name>
         <load_address>0x6aa</load_address>
         <run_address>0x6aa</run_address>
         <size>0x63</size>
         <input_file_ref idref="fl-2"/>
      </object_component>
      <object_component id="oc-12d">
         <name>.debug_line</name>
         <load_address>0x70d</load_address>
         <run_address>0x70d</run_address>
         <size>0x63</size>
         <input_file_ref idref="fl-2"/>
      </object_component>
      <object_component id="oc-277">
         <name>.debug_line</name>
         <load_address>0x770</load_address>
         <run_address>0x770</run_address>
         <size>0xc1</size>
         <input_file_ref idref="fl-3"/>
      </object_component>
      <object_component id="oc-1b6">
         <name>.debug_line</name>
         <load_address>0x831</load_address>
         <run_address>0x831</run_address>
         <size>0x2f</size>
         <input_file_ref idref="fl-3"/>
      </object_component>
      <object_component id="oc-1b8">
         <name>.debug_line</name>
         <load_address>0x860</load_address>
         <run_address>0x860</run_address>
         <size>0x2f</size>
         <input_file_ref idref="fl-3"/>
      </object_component>
      <object_component id="oc-180">
         <name>.debug_line</name>
         <load_address>0x88f</load_address>
         <run_address>0x88f</run_address>
         <size>0x51</size>
         <input_file_ref idref="fl-3"/>
      </object_component>
      <object_component id="oc-186">
         <name>.debug_line</name>
         <load_address>0x8e0</load_address>
         <run_address>0x8e0</run_address>
         <size>0x45</size>
         <input_file_ref idref="fl-3"/>
      </object_component>
      <object_component id="oc-150">
         <name>.debug_line</name>
         <load_address>0x925</load_address>
         <run_address>0x925</run_address>
         <size>0x4b</size>
         <input_file_ref idref="fl-3"/>
      </object_component>
      <object_component id="oc-225">
         <name>.debug_line</name>
         <load_address>0x970</load_address>
         <run_address>0x970</run_address>
         <size>0x50</size>
         <input_file_ref idref="fl-3"/>
      </object_component>
      <object_component id="oc-174">
         <name>.debug_line</name>
         <load_address>0x9c0</load_address>
         <run_address>0x9c0</run_address>
         <size>0x42</size>
         <input_file_ref idref="fl-3"/>
      </object_component>
      <object_component id="oc-204">
         <name>.debug_line</name>
         <load_address>0xa02</load_address>
         <run_address>0xa02</run_address>
         <size>0x4c</size>
         <input_file_ref idref="fl-3"/>
      </object_component>
      <object_component id="oc-156">
         <name>.debug_line</name>
         <load_address>0xa4e</load_address>
         <run_address>0xa4e</run_address>
         <size>0x58</size>
         <input_file_ref idref="fl-3"/>
      </object_component>
      <object_component id="oc-15c">
         <name>.debug_line</name>
         <load_address>0xaa6</load_address>
         <run_address>0xaa6</run_address>
         <size>0x5e</size>
         <input_file_ref idref="fl-3"/>
      </object_component>
      <object_component id="oc-162">
         <name>.debug_line</name>
         <load_address>0xb04</load_address>
         <run_address>0xb04</run_address>
         <size>0x6a</size>
         <input_file_ref idref="fl-3"/>
      </object_component>
      <object_component id="oc-168">
         <name>.debug_line</name>
         <load_address>0xb6e</load_address>
         <run_address>0xb6e</run_address>
         <size>0x7a</size>
         <input_file_ref idref="fl-3"/>
      </object_component>
      <object_component id="oc-16e">
         <name>.debug_line</name>
         <load_address>0xbe8</load_address>
         <run_address>0xbe8</run_address>
         <size>0x5f</size>
         <input_file_ref idref="fl-3"/>
      </object_component>
      <object_component id="oc-e0">
         <name>.debug_line</name>
         <load_address>0xc47</load_address>
         <run_address>0xc47</run_address>
         <size>0x1b2</size>
         <input_file_ref idref="fl-3"/>
      </object_component>
      <object_component id="oc-f4">
         <name>.debug_line</name>
         <load_address>0xdf9</load_address>
         <run_address>0xdf9</run_address>
         <size>0x3c</size>
         <input_file_ref idref="fl-3"/>
      </object_component>
      <object_component id="oc-ae">
         <name>.debug_line</name>
         <load_address>0xe35</load_address>
         <run_address>0xe35</run_address>
         <size>0x5b</size>
         <input_file_ref idref="fl-3"/>
      </object_component>
      <object_component id="oc-192">
         <name>.debug_line</name>
         <load_address>0xe90</load_address>
         <run_address>0xe90</run_address>
         <size>0x20</size>
         <input_file_ref idref="fl-3"/>
      </object_component>
      <object_component id="oc-26c">
         <name>.debug_line</name>
         <load_address>0xeb0</load_address>
         <run_address>0xeb0</run_address>
         <size>0x7c</size>
         <input_file_ref idref="fl-32"/>
      </object_component>
      <object_component id="oc-1e3">
         <name>.debug_line</name>
         <load_address>0xf2c</load_address>
         <run_address>0xf2c</run_address>
         <size>0x2a</size>
         <input_file_ref idref="fl-32"/>
      </object_component>
      <object_component id="oc-1e0">
         <name>.debug_line</name>
         <load_address>0xf56</load_address>
         <run_address>0xf56</run_address>
         <size>0x2a</size>
         <input_file_ref idref="fl-32"/>
      </object_component>
      <object_component id="oc-f7">
         <name>.debug_line</name>
         <load_address>0xf80</load_address>
         <run_address>0xf80</run_address>
         <size>0x2a</size>
         <input_file_ref idref="fl-32"/>
      </object_component>
      <object_component id="oc-5d">
         <name>.debug_line</name>
         <load_address>0xfaa</load_address>
         <run_address>0xfaa</run_address>
         <size>0x4b</size>
         <input_file_ref idref="fl-33"/>
      </object_component>
      <object_component id="oc-10e">
         <name>.debug_line</name>
         <load_address>0xff5</load_address>
         <run_address>0xff5</run_address>
         <size>0x72</size>
         <input_file_ref idref="fl-34"/>
      </object_component>
      <object_component id="oc-33">
         <name>.debug_line</name>
         <load_address>0x1067</load_address>
         <run_address>0x1067</run_address>
         <size>0x50</size>
         <input_file_ref idref="fl-34"/>
      </object_component>
      <object_component id="oc-9a">
         <name>.debug_line</name>
         <load_address>0x10b7</load_address>
         <run_address>0x10b7</run_address>
         <size>0x3a</size>
         <input_file_ref idref="fl-34"/>
      </object_component>
      <object_component id="oc-10b">
         <name>.debug_line</name>
         <load_address>0x10f1</load_address>
         <run_address>0x10f1</run_address>
         <size>0x72</size>
         <input_file_ref idref="fl-34"/>
      </object_component>
      <object_component id="oc-116">
         <name>.debug_line</name>
         <load_address>0x1163</load_address>
         <run_address>0x1163</run_address>
         <size>0x20</size>
         <input_file_ref idref="fl-35"/>
      </object_component>
      <object_component id="oc-a1">
         <name>.debug_line</name>
         <load_address>0x1183</load_address>
         <run_address>0x1183</run_address>
         <size>0x87</size>
         <input_file_ref idref="fl-35"/>
      </object_component>
      <object_component id="oc-39">
         <name>.debug_line</name>
         <load_address>0x120a</load_address>
         <run_address>0x120a</run_address>
         <size>0x49</size>
         <input_file_ref idref="fl-35"/>
      </object_component>
      <object_component id="oc-a8">
         <name>.debug_line</name>
         <load_address>0x1253</load_address>
         <run_address>0x1253</run_address>
         <size>0x39</size>
         <input_file_ref idref="fl-35"/>
      </object_component>
      <object_component id="oc-131">
         <name>.debug_line</name>
         <load_address>0x128c</load_address>
         <run_address>0x128c</run_address>
         <size>0x20</size>
         <input_file_ref idref="fl-36"/>
      </object_component>
      <object_component id="oc-4a">
         <name>.debug_line</name>
         <load_address>0x12ac</load_address>
         <run_address>0x12ac</run_address>
         <size>0x4d</size>
         <input_file_ref idref="fl-36"/>
      </object_component>
      <object_component id="oc-b9">
         <name>.debug_line</name>
         <load_address>0x12f9</load_address>
         <run_address>0x12f9</run_address>
         <size>0x34</size>
         <input_file_ref idref="fl-36"/>
      </object_component>
      <object_component id="oc-106">
         <name>.debug_line</name>
         <load_address>0x132d</load_address>
         <run_address>0x132d</run_address>
         <size>0x72</size>
         <input_file_ref idref="fl-36"/>
      </object_component>
      <object_component id="oc-2f7">
         <name>.debug_line</name>
         <load_address>0x139f</load_address>
         <run_address>0x139f</run_address>
         <size>0x72</size>
         <input_file_ref idref="fl-37"/>
      </object_component>
      <object_component id="oc-2b4">
         <name>.debug_line</name>
         <load_address>0x1411</load_address>
         <run_address>0x1411</run_address>
         <size>0x41</size>
         <input_file_ref idref="fl-37"/>
      </object_component>
      <object_component id="oc-20a">
         <name>.debug_line</name>
         <load_address>0x1452</load_address>
         <run_address>0x1452</run_address>
         <size>0x4d</size>
         <input_file_ref idref="fl-38"/>
      </object_component>
      <object_component id="oc-1ec">
         <name>.debug_line</name>
         <load_address>0x149f</load_address>
         <run_address>0x149f</run_address>
         <size>0x43</size>
         <input_file_ref idref="fl-39"/>
      </object_component>
      <object_component id="oc-1f1">
         <name>.debug_line</name>
         <load_address>0x14e2</load_address>
         <run_address>0x14e2</run_address>
         <size>0x5a</size>
         <input_file_ref idref="fl-3a"/>
      </object_component>
      <object_component id="oc-272">
         <name>.debug_line</name>
         <load_address>0x153c</load_address>
         <run_address>0x153c</run_address>
         <size>0x64</size>
         <input_file_ref idref="fl-3b"/>
      </object_component>
      <object_component id="oc-240">
         <name>.debug_line</name>
         <load_address>0x15a0</load_address>
         <run_address>0x15a0</run_address>
         <size>0x121</size>
         <input_file_ref idref="fl-3c"/>
      </object_component>
      <object_component id="oc-2a1">
         <name>.debug_line</name>
         <load_address>0x16c1</load_address>
         <run_address>0x16c1</run_address>
         <size>0x31</size>
         <input_file_ref idref="fl-3c"/>
      </object_component>
      <object_component id="oc-29d">
         <name>.debug_line</name>
         <load_address>0x16f2</load_address>
         <run_address>0x16f2</run_address>
         <size>0x57</size>
         <input_file_ref idref="fl-3c"/>
      </object_component>
      <object_component id="oc-254">
         <name>.debug_line</name>
         <load_address>0x1749</load_address>
         <run_address>0x1749</run_address>
         <size>0x44</size>
         <input_file_ref idref="fl-3c"/>
      </object_component>
      <object_component id="oc-1a8">
         <name>.debug_line</name>
         <load_address>0x178d</load_address>
         <run_address>0x178d</run_address>
         <size>0x5f</size>
         <input_file_ref idref="fl-3c"/>
      </object_component>
      <object_component id="oc-24e">
         <name>.debug_line</name>
         <load_address>0x17ec</load_address>
         <run_address>0x17ec</run_address>
[...]
         <value>0x9072</value>
         <object_component_ref idref="oc-22c"/>
      </symbol>
      <symbol id="sm-130">
         <name>_ZN13WS2812B_Strip4showEv</name>
         <value>0x834c</value>
         <object_component_ref idref="oc-123"/>
      </symbol>
      <symbol id="sm-131">
         <name>_ZNK13WS2812B_Strip17getNumberOfPixelsEv</name>
         <value>0x8fe6</value>
         <object_component_ref idref="oc-188"/>
      </symbol>
      <symbol id="sm-132">
         <name>_ZN13WS2812B_StripD2Ev</name>
         <value>0x8e8c</value>
         <object_component_ref idref="oc-19b"/>
      </symbol>
      <symbol id="sm-133">
         <name>_ZTI13WS2812B_Strip</name>
         <value>0x9096</value>
         <object_component_ref idref="oc-283"/>
      </symbol>
      <symbol id="sm-1f7">
         <name>_Z23fillStripWithSolidColorhhh</name>
         <value>0x8fd8</value>
         <object_component_ref idref="oc-182"/>
      </symbol>
      <symbol id="sm-1f8">
         <name>__sti___8_main_cpp_511cc281</name>
         <value>0x8ede</value>
         <object_component_ref idref="oc-f0"/>
      </symbol>
      <symbol id="sm-1f9">
         <name>__TI_int02</name>
         <value>0xffe4</value>
         <object_component_ref idref="oc-3b"/>
      </symbol>
      <symbol id="sm-1fa">
         <name>_Z7breathemm</name>
         <value>0x859e</value>
         <object_component_ref idref="oc-16a"/>
      </symbol>
      <symbol id="sm-1fb">
         <name>_Z23fillStripWithSolidColorm</name>
         <value>0x8da6</value>
         <object_component_ref idref="oc-17c"/>
      </symbol>
      <symbol id="sm-1fc">
         <name>_Z19theaterChaseRainbowh</name>
         <value>0x8648</value>
         <object_component_ref idref="oc-164"/>
      </symbol>
      <symbol id="sm-1fd">
         <name>_Z9colorWipemm</name>
         <value>0x8c5e</value>
         <object_component_ref idref="oc-221"/>
      </symbol>
      <symbol id="sm-1fe">
         <name>_Z6Port_1v</name>
         <value>0x8858</value>
         <object_component_ref idref="oc-aa"/>
      </symbol>
      <symbol id="sm-1ff">
         <name>_Z8delay_msm</name>
         <value>0x8ddc</value>
         <object_component_ref idref="oc-14c"/>
      </symbol>
      <symbol id="sm-200">
         <name>breakFromDelay</name>
         <value>0x26e</value>
         <object_component_ref idref="oc-117"/>
      </symbol>
      <symbol id="sm-201">
         <name>main</name>
         <value>0x8000</value>
         <object_component_ref idref="oc-dc"/>
      </symbol>
      <symbol id="sm-202">
         <name>patternState</name>
         <value>0x26f</value>
         <object_component_ref idref="oc-117"/>
      </symbol>
      <symbol id="sm-203">
         <name>_Z9testColorhhhm</name>
         <value>0x8ec4</value>
         <object_component_ref idref="oc-170"/>
      </symbol>
      <symbol id="sm-204">
         <name>_Z7rainbowh</name>
         <value>0x8b72</value>
         <object_component_ref idref="oc-152"/>
      </symbol>
      <symbol id="sm-205">
         <name>_Z12theaterChasemh</name>
         <value>0x87de</value>
         <object_component_ref idref="oc-15e"/>
      </symbol>
      <symbol id="sm-206">
         <name>_Z12rainbowCycleh</name>
         <value>0x89a6</value>
         <object_component_ref idref="oc-158"/>
      </symbol>
      <symbol id="sm-207">
         <name>_Z5Wheelh</name>
         <value>0x8a08</value>
         <object_component_ref idref="oc-200"/>
      </symbol>
      <symbol id="sm-208">
         <name>strip</name>
         <value>0x250</value>
         <object_component_ref idref="oc-11a"/>
      </symbol>
      <symbol id="sm-21e">
         <name>_stack</name>
         <value>0x5b0</value>
         <object_component_ref idref="oc-89"/>
      </symbol>
      <symbol id="sm-21f">
         <name>__TI_dtors_ptr</name>
         <value>0x268</value>
         <object_component_ref idref="oc-13a"/>
      </symbol>
      <symbol id="sm-220">
         <name>__TI_cleanup_ptr</name>
         <value>0x266</value>
         <object_component_ref idref="oc-13d"/>
      </symbol>
      <symbol id="sm-221">
         <name>_reset_vector</name>
         <value>0xfffe</value>
         <object_component_ref idref="oc-8c"/>
      </symbol>
      <symbol id="sm-22c">
         <name>_c_int00_noargs</name>
         <value>0x8ea8</value>
         <object_component_ref idref="oc-58"/>
      </symbol>
      <symbol id="sm-242">
         <name>__TI_decompress_none</name>
         <value>0x8f76</value>
         <object_component_ref idref="oc-2f"/>
      </symbol>
      <symbol id="sm-264">
         <name>__TI_decompress_rle24</name>
         <value>0x8ff8</value>
         <object_component_ref idref="oc-35"/>
      </symbol>
      <symbol id="sm-27c">
         <name>__TI_zero_init</name>
         <value>0x8f3a</value>
         <object_component_ref idref="oc-46"/>
      </symbol>
      <symbol id="sm-289">
         <name>_ZdlPv</name>
         <value>0x8fce</value>
         <object_component_ref idref="oc-2b0"/>
      </symbol>
      <symbol id="sm-295">
         <name>__mspabi_remi</name>
         <value>0x8e10</value>
         <object_component_ref idref="oc-209"/>
      </symbol>
      <symbol id="sm-296">
         <name>__mspabi_divi</name>
         <value>0x8e10</value>
         <object_component_ref idref="oc-209"/>
      </symbol>
      <symbol id="sm-2a0">
         <name>__mspabi_remu</name>
         <value>0x8f24</value>
         <object_component_ref idref="oc-1e8"/>
      </symbol>
      <symbol id="sm-2a1">
         <name>__mspabi_divu</name>
         <value>0x8f24</value>
         <object_component_ref idref="oc-1e8"/>
      </symbol>
      <symbol id="sm-2ae">
         <name>__mspabi_remli</name>
         <value>0x8cf0</value>
         <object_component_ref idref="oc-1ed"/>
      </symbol>
      <symbol id="sm-2af">
         <name>__mspabi_divli</name>
         <value>0x8cf0</value>
         <object_component_ref idref="oc-1ed"/>
      </symbol>
      <symbol id="sm-2be">
         <name>__mspabi_remul</name>
         <value>0x8b1a</value>
         <object_component_ref idref="oc-26e"/>
      </symbol>
      <symbol id="sm-2bf">
         <name>__mspabi_divul</name>
         <value>0x8b1a</value>
         <object_component_ref idref="oc-26e"/>
      </symbol>
      <symbol id="sm-2f8">
         <name>__dso_handle</name>
         <value>0x25e</value>
      </symbol>
      <symbol id="sm-2f9">
         <name>__cxa_atexit</name>
         <value>0x8c12</value>
         <object_component_ref idref="oc-1a4"/>
      </symbol>
      <symbol id="sm-2fa">
         <name>__cxa_finalize</name>
         <value>0x8bc4</value>
         <object_component_ref idref="oc-299"/>
      </symbol>
      <symbol id="sm-2fb">
         <name>__cxa_ia64_exit</name>
         <value>0x8fec</value>
         <object_component_ref idref="oc-250"/>
      </symbol>
      <symbol id="sm-304">
         <name>__mspabi_func_epilog_2</name>
         <value>0x8fb4</value>
         <object_component_ref idref="oc-10f"/>
      </symbol>
      <symbol id="sm-305">
         <name>__mspabi_func_epilog_3</name>
         <value>0x8fb2</value>
         <object_component_ref idref="oc-10f"/>
      </symbol>
      <symbol id="sm-306">
         <name>__mspabi_func_epilog_1</name>
         <value>0x8fb6</value>
         <object_component_ref idref="oc-10f"/>
      </symbol>
      <symbol id="sm-307">
         <name>__mspabi_func_epilog_6</name>
         <value>0x8fac</value>
         <object_component_ref idref="oc-10f"/>
      </symbol>
      <symbol id="sm-308">
         <name>__mspabi_func_epilog_7</name>
         <value>0x8faa</value>
         <object_component_ref idref="oc-10f"/>
      </symbol>
      <symbol id="sm-309">
         <name>__mspabi_func_epilog_4</name>
         <value>0x8fb0</value>
         <object_component_ref idref="oc-10f"/>
      </symbol>
      <symbol id="sm-30a">
         <name>__mspabi_func_epilog_5</name>
         <value>0x8fae</value>
         <object_component_ref idref="oc-10f"/>
      </symbol>
      <symbol id="sm-321">
         <name>C$$EXIT</name>
         <value>0x9002</value>
         <object_component_ref idref="oc-e4"/>
      </symbol>
      <symbol id="sm-322">
         <name>abort</name>
         <value>0x9002</value>
         <object_component_ref idref="oc-e4"/>
      </symbol>
      <symbol id="sm-323">
         <name>exit</name>
         <value>0x8e3c</value>
         <object_component_ref idref="oc-ce"/>
      </symbol>
      <symbol id="sm-326">
         <name>__TI_int03</name>
         <value>0xffe6</value>
         <object_component_ref idref="oc-3c"/>
      </symbol>
      <symbol id="sm-329">
         <name>__TI_int05</name>
         <value>0xffea</value>
         <object_component_ref idref="oc-3d"/>
      </symbol>
      <symbol id="sm-32c">
         <name>__TI_int06</name>
         <value>0xffec</value>
         <object_component_ref idref="oc-3e"/>
      </symbol>
      <symbol id="sm-32f">
         <name>__TI_int07</name>
         <value>0xffee</value>
         <object_component_ref idref="oc-3f"/>
      </symbol>
      <symbol id="sm-332">
         <name>__TI_int08</name>
         <value>0xfff0</value>
         <object_component_ref idref="oc-40"/>
      </symbol>
      <symbol id="sm-335">
         <name>__TI_int09</name>
         <value>0xfff2</value>
         <object_component_ref idref="oc-41"/>
      </symbol>
      <symbol id="sm-338">
         <name>__TI_int10</name>
         <value>0xfff4</value>
         <object_component_ref idref="oc-42"/>
      </symbol>
      <symbol id="sm-33b">
         <name>__TI_int12</name>
         <value>0xfff8</value>
         <object_component_ref idref="oc-43"/>
      </symbol>
      <symbol id="sm-33e">
         <name>__TI_int13</name>
         <value>0xfffa</value>
         <object_component_ref idref="oc-44"/>
      </symbol>
      <symbol id="sm-341">
         <name>__TI_int14</name>
         <value>0xfffc</value>
         <object_component_ref idref="oc-45"/>
      </symbol>
      <symbol id="sm-349">
         <name>__TI_ISR_TRAP</name>
         <value>0x8ff2</value>
         <object_component_ref idref="oc-b0"/>
      </symbol>
      <symbol id="sm-351">
         <name>__mspabi_slll_9</name>
         <value>0x8d48</value>
         <object_component_ref idref="oc-27c"/>
      </symbol>
      <symbol id="sm-352">
         <name>__mspabi_slll_8</name>
         <value>0x8d4c</value>
         <object_component_ref idref="oc-27c"/>
      </symbol>
      <symbol id="sm-353">
         <name>__mspabi_slll_7</name>
         <value>0x8d50</value>
         <object_component_ref idref="oc-27c"/>
      </symbol>
      <symbol id="sm-354">
         <name>__mspabi_slll_6</name>
         <value>0x8d54</value>
         <object_component_ref idref="oc-27c"/>
      </symbol>
      <symbol id="sm-355">
         <name>__mspabi_slll_5</name>
         <value>0x8d58</value>
         <object_component_ref idref="oc-27c"/>
      </symbol>
      <symbol id="sm-356">
         <name>__mspabi_slll_4</name>
         <value>0x8d5c</value>
         <object_component_ref idref="oc-27c"/>
      </symbol>
      <symbol id="sm-357">
         <name>__mspabi_slll_3</name>
         <value>0x8d60</value>
         <object_component_ref idref="oc-27c"/>
      </symbol>
      <symbol id="sm-358">
         <name>__mspabi_slll_2</name>
         <value>0x8d64</value>
         <object_component_ref idref="oc-27c"/>
      </symbol>
      <symbol id="sm-359">
         <name>__mspabi_slll_1</name>
         <value>0x8d68</value>
         <object_component_ref idref="oc-27c"/>
      </symbol>
      <symbol id="sm-35a">
         <name>__mspabi_slll_15</name>
         <value>0x8d30</value>
         <object_component_ref idref="oc-27c"/>
      </symbol>
      <symbol id="sm-35b">
         <name>__mspabi_slll_14</name>
         <value>0x8d34</value>
         <object_component_ref idref="oc-27c"/>
      </symbol>
      <symbol id="sm-35c">
         <name>__mspabi_slll_13</name>
         <value>0x8d38</value>
         <object_component_ref idref="oc-27c"/>
      </symbol>
      <symbol id="sm-35d">
         <name>__mspabi_slll_12</name>
         <value>0x8d3c</value>
         <object_component_ref idref="oc-27c"/>
      </symbol>
      <symbol id="sm-35e">
         <name>__mspabi_slll_11</name>
         <value>0x8d40</value>
         <object_component_ref idref="oc-27c"/>
      </symbol>
      <symbol id="sm-35f">
         <name>__mspabi_slll_10</name>
         <value>0x8d44</value>
         <object_component_ref idref="oc-27c"/>
      </symbol>
      <symbol id="sm-367">
         <name>__mspabi_srll_8</name>
         <value>0x8a90</value>
         <object_component_ref idref="oc-215"/>
      </symbol>
      <symbol id="sm-368">
         <name>__mspabi_srll_9</name>
         <value>0x8a8a</value>
         <object_component_ref idref="oc-215"/>
      </symbol>
      <symbol id="sm-369">
         <name>__mspabi_srll_6</name>
         <value>0x8a9c</value>
         <object_component_ref idref="oc-215"/>
      </symbol>
      <symbol id="sm-36a">
         <name>__mspabi_srll_7</name>
         <value>0x8a96</value>
         <object_component_ref idref="oc-215"/>
      </symbol>
      <symbol id="sm-36b">
         <name>__mspabi_srll_4</name>
         <value>0x8aa8</value>
         <object_component_ref idref="oc-215"/>
      </symbol>
      <symbol id="sm-36c">
         <name>__mspabi_srll_5</name>
         <value>0x8aa2</value>
         <object_component_ref idref="oc-215"/>
      </symbol>
      <symbol id="sm-36d">
         <name>__mspabi_srll_2</name>
         <value>0x8ab4</value>
         <object_component_ref idref="oc-215"/>
      </symbol>
      <symbol id="sm-36e">
         <name>__mspabi_srll_3</name>
         <value>0x8aae</value>
         <object_component_ref idref="oc-215"/>
      </symbol>
      <symbol id="sm-36f">
         <name>__mspabi_srll_1</name>
         <value>0x8aba</value>
         <object_component_ref idref="oc-215"/>
      </symbol>
      <symbol id="sm-370">
         <name>__mspabi_srll_15</name>
         <value>0x8a66</value>
         <object_component_ref idref="oc-215"/>
      </symbol>
      <symbol id="sm-371">
         <name>__mspabi_srll_14</name>
         <value>0x8a6c</value>
         <object_component_ref idref="oc-215"/>
      </symbol>
      <symbol id="sm-372">
         <name>__mspabi_srll_13</name>
         <value>0x8a72</value>
         <object_component_ref idref="oc-215"/>
      </symbol>
      <symbol id="sm-373">
         <name>__mspabi_srll_12</name>
         <value>0x8a78</value>
         <object_component_ref idref="oc-215"/>
      </symbol>
      <symbol id="sm-374">
         <name>__mspabi_srll_11</name>
         <value>0x8a7e</value>
         <object_component_ref idref="oc-215"/>
      </symbol>
      <symbol id="sm-375">
         <name>__mspabi_srll_10</name>
         <value>0x8a84</value>
         <object_component_ref idref="oc-215"/>
      </symbol>
      <symbol id="sm-383">
         <name>memcpy</name>
         <value>0x8f88</value>
         <object_component_ref idref="oc-90"/>
      </symbol>
      <symbol id="sm-3d0">
         <name>_sys_memory</name>
         <value>0x200</value>
         <object_component_ref idref="oc-8d"/>
      </symbol>
      <symbol id="sm-3d1">
         <name>free</name>
         <value>0x875e</value>
         <object_component_ref idref="oc-238"/>
      </symbol>
      <symbol id="sm-3d2">
         <name>malloc</name>
         <value>0x84f0</value>
         <object_component_ref idref="oc-231"/>
      </symbol>
      <symbol id="sm-3d3">
         <name>minit</name>
         <value>0x8d6e</value>
         <object_component_ref idref="oc-290"/>
      </symbol>
      <symbol id="sm-3e1">
         <name>memset</name>
         <value>0x8f4e</value>
         <object_component_ref idref="oc-1be"/>
      </symbol>
      <symbol id="sm-3ec">
         <name>__mspabi_mpyi_sw</name>
         <value>0x8f62</value>
         <object_component_ref idref="oc-1f2"/>
      </symbol>
      <symbol id="sm-3ed">
         <name>__mspabi_mpyi</name>
         <value>0x8f62</value>
         <object_component_ref idref="oc-1f2"/>
      </symbol>
      <symbol id="sm-3f7">
         <name>__mspabi_mpyl_sw</name>
         <value>0x8e66</value>
         <object_component_ref idref="oc-1f8"/>
      </symbol>
      <symbol id="sm-3f8">
         <name>__mspabi_mpyl</name>
         <value>0x8e66</value>
         <object_component_ref idref="oc-1f8"/>
      </symbol>
      <symbol id="sm-401">
         <name>_system_pre_init</name>
         <value>0x8ffe</value>
         <object_component_ref idref="oc-bc"/>
      </symbol>
      <symbol id="sm-45d">
         <name>_ZTSSt9type_info</name>
         <value>0x9064</value>
         <object_component_ref idref="oc-308"/>
      </symbol>
      <symbol id="sm-45e">
         <name>_ZN10__cxxabiv117__class_type_infoD1Ev</name>
         <value>0x9006</value>
         <object_component_ref idref="oc-2c3"/>
      </symbol>
      <symbol id="sm-45f">
         <name>_ZTSN10__cxxabiv120__si_class_type_infoE</name>
         <value>0x900c</value>
         <object_component_ref idref="oc-30d"/>
      </symbol>
      <symbol id="sm-460">
         <name>_ZTSN10__cxxabiv117__class_type_infoE</name>
         <value>0x9032</value>
         <object_component_ref idref="oc-2d8"/>
      </symbol>
      <symbol id="sm-461">
         <name>_ZN10__cxxabiv117__class_type_infoD2Ev</name>
         <value>0x9006</value>
         <object_component_ref idref="oc-2c3"/>
      </symbol>
      <symbol id="sm-462">
         <name>_ZN10__cxxabiv120__si_class_type_infoD2Ev</name>
         <value>0x9008</value>
         <object_component_ref idref="oc-2fd"/>
      </symbol>
      <symbol id="sm-463">
         <name>_ZTVN10__cxxabiv117__class_type_infoE</name>
         <value>0x907a</value>
         <object_component_ref idref="oc-2a6"/>
      </symbol>
      <symbol id="sm-464">
         <name>_ZTISt9type_info</name>
         <value>0x909a</value>
         <object_component_ref idref="oc-2dd"/>
      </symbol>
      <symbol id="sm-465">
         <name>_ZTIN10__cxxabiv117__class_type_infoE</name>
         <value>0x908a</value>
         <object_component_ref idref="oc-2be"/>
      </symbol>
      <symbol id="sm-466">
         <name>_ZN10__cxxabiv120__si_class_type_infoD1Ev</name>
         <value>0x9008</value>
         <object_component_ref idref="oc-2fd"/>
      </symbol>
      <symbol id="sm-467">
         <name>_ZTIN10__cxxabiv120__si_class_type_infoE</name>
         <value>0x9090</value>
         <object_component_ref idref="oc-2f8"/>
      </symbol>
      <symbol id="sm-468">
         <name>_ZN10__cxxabiv117__class_type_infoD0Ev</name>
         <value>0x8fba</value>
         <object_component_ref idref="oc-2c9"/>
      </symbol>
      <symbol id="sm-469">
         <name>_ZTVN10__cxxabiv120__si_class_type_infoE</name>
         <value>0x9082</value>
         <object_component_ref idref="oc-2d3"/>
      </symbol>
      <symbol id="sm-46a">
         <name>_ZN10__cxxabiv120__si_class_type_infoD0Ev</name>
         <value>0x8fc4</value>
         <object_component_ref idref="oc-303"/>
      </symbol>
      <symbol id="sm-480">
         <name>_nop</name>
         <value>0x900a</value>
         <object_component_ref idref="oc-1d6"/>
      </symbol>
      <symbol id="sm-481">
         <name>_lock</name>
         <value>0x26a</value>
         <object_component_ref idref="oc-137"/>
      </symbol>
      <symbol id="sm-482">
         <name>_unlock</name>
         <value>0x26c</value>
         <object_component_ref idref="oc-140"/>
      </symbol>
      <symbol id="sm-49b">
         <name>_auto_init</name>
         <value>0x8ac2</value>
         <object_component_ref idref="oc-c2"/>
      </symbol>
   </symbol_table>
   <title>Link successful</title>
</link_info>
