******************************************************************************
                  MSP430 Linker PC v4.4.3                      
******************************************************************************
>> Linked Sat Apr 11 00:31:19 2015

OUTPUT FILE NAME:   <MSP430F2272__WS2812B_StripController.out>
ENTRY POINT SYMBOL: "_c_int00_noargs"  address: 00008ea8


MEMORY CONFIGURATION

         name            origin    length      used     unused   attr    fill
----------------------  --------  ---------  --------  --------  ----  --------
  SFR                   00000000   00000010  00000000  00000010  RWIX
  PERIPHERALS_8BIT      00000010   000000f0  00000000  000000f0  RWIX
  PERIPHERALS_16BIT     00000100   00000100  00000000  00000100  RWIX
  RAM                   00000200   00000400  000000c4  0000033c  RWIX
  INFOD                 00001000   00000040  00000000  00000040  RWIX
  INFOC                 00001040   00000040  00000000  00000040  RWIX
  INFOB                 00001080   00000040  00000000  00000040  RWIX
  INFOA                 000010c0   00000040  00000000  00000040  RWIX
  FLASH                 00008000   00007fde  000010c4  00006f1a  RWIX
  INT00                 0000ffe0   00000002  00000000  00000002  RWIX
  INT01                 0000ffe2   00000002  00000000  00000002  RWIX
  INT02                 0000ffe4   00000002  00000002  00000000  RWIX
  INT03                 0000ffe6   00000002  00000002  00000000  RWIX
  INT04                 0000ffe8   00000002  00000000  00000002  RWIX
  INT05                 0000ffea   00000002  00000002  00000000  RWIX
  INT06                 0000ffec   00000002  00000002  00000000  RWIX
  INT07                 0000ffee   00000002  00000002  00000000  RWIX
  INT08                 0000fff0   00000002  00000002  00000000  RWIX
  INT09                 0000fff2   00000002  00000002  00000000  RWIX
  INT10                 0000fff4   00000002  00000002  00000000  RWIX
  INT11                 0000fff6   00000002  00000000  00000002  RWIX
  INT12                 0000fff8   00000002  00000002  00000000  RWIX
  INT13                 0000fffa   00000002  00000002  00000000  RWIX
  INT14                 0000fffc   00000002  00000002  00000000  RWIX
  RESET                 0000fffe   00000002  00000002  00000000  RWIX


SECTION ALLOCATION MAP

 output                                  attributes/
section   page    origin      length       input sections
--------  ----  ----------  ----------   ----------------
.sysmem    0    00000200    00000050     UNINITIALIZED
                  00000200    00000004     rts430_eabi.lib : memory.obj (.sysmem)
                  00000204    0000004c     --HOLE--

.bss       0    00000250    00000016     UNINITIALIZED
                  00000250    0000000e     main.obj (.bss)
                  0000025e    00000002     (.common:__dso_handle)
                  00000260    00000002     (.common:memsize)
                  00000262    00000002     (.common:sys_base)
                  00000264    00000002     (.common:sys_free)

.data      0    00000266    0000000e     UNINITIALIZED
                  00000266    00000002     rts430_eabi.lib : boot.obj (.data:__TI_cleanup_ptr)
                  00000268    00000002                     : boot.obj (.data:__TI_dtors_ptr)
                  0000026a    00000002                     : _lock.obj (.data:_lock)
                  0000026c    00000002                     : _lock.obj (.data:_unlock)
                  0000026e    00000002     main.obj (.data)
                  00000270    00000002     rts430_eabi.lib : dtor_list.obj (.data)
                  00000272    00000002                     : memory.obj (.data)

.stack     0    000005b0    00000050     UNINITIALIZED
                  000005b0    00000002     rts430_eabi.lib : boot.obj (.stack)
                  000005b2    0000004e     --HOLE--

.text      0    00008000    0000100c     
                  00008000    0000034c     main.obj (.text:main)
                  0000834c    000001a4     WS2812B_Strip.obj (.text:_ZN13WS2812B_Strip4showEv)
                  000084f0    000000ae     rts430_eabi.lib : memory.obj (.text:malloc)
                  0000859e    000000aa     main.obj (.text:_Z7breathemm)
                  00008648    00000092     main.obj (.text:_Z19theaterChaseRainbowh)
                  000086da    00000084     WS2812B_Strip.obj (.text:_ZN13WS2812B_Strip13setPixelColorEjm)
                  0000875e    00000080     rts430_eabi.lib : memory.obj (.text:free)
                  000087de    0000007a     main.obj (.text:_Z12theaterChasemh)
                  00008858    0000007a     main.obj (.text:_Z6Port_1v)
                  000088d2    00000070     WS2812B_Strip.obj (.text:_ZN13WS2812B_Strip13setBrightnessEh)
                  00008942    00000064     rts430_eabi.lib : copy_decompress_rle.obj (.text:__TI_decompress_rle_core)
                  000089a6    00000062     main.obj (.text:_Z12rainbowCycleh)
                  00008a08    0000005e     main.obj (.text:_Z5Wheelh)
                  00008a66    0000005c     rts430_eabi.lib : lsr32.obj (.text:l_lsr_const)
                  00008ac2    00000058                     : autoinit.obj (.text:_auto_init)
                  00008b1a    00000058                     : div32u.obj (.text)
                  00008b72    00000052     main.obj (.text:_Z7rainbowh)
                  00008bc4    0000004e     rts430_eabi.lib : dtor_list.obj (.text:__cxa_finalize)
                  00008c12    0000004c                     : dtor_list.obj (.text:_Z11__TI_atexitPFYvPvES_S_)
                  00008c5e    0000004a     main.obj (.text:_Z9colorWipemm)
                  00008ca8    00000048     WS2812B_Strip.obj (.text:_ZN13WS2812B_StripC1Ej)
                  00008cf0    00000040     rts430_eabi.lib : div32s.obj (.text)
                  00008d30    0000003e                     : lsl32.obj (.text:l_lsl_const)
                  00008d6e    00000038                     : memory.obj (.text:minit)
                  00008da6    00000036     main.obj (.text:_Z23fillStripWithSolidColorm)
                  00008ddc    00000034     main.obj (.text:_Z8delay_msm)
                  00008e10    0000002c     rts430_eabi.lib : div16s.obj (.text)
                  00008e3c    0000002a                     : exit.obj (.text:exit)
                  00008e66    00000026                     : mult32.obj (.text)
                  00008e8c    0000001c     WS2812B_Strip.obj (.text:_ZN13WS2812B_StripD1Ev)
                  00008ea8    0000001c     rts430_eabi.lib : boot_special.obj (.text:_c_int00_noargs)
                  00008ec4    0000001a     main.obj (.text:_Z9testColorhhhm)
                  00008ede    0000001a     main.obj (.text:__sti___8_main_cpp_511cc281)
                  00008ef8    00000016     WS2812B_Strip.obj (.text:_ZN13WS2812B_Strip5colorEhhh)
                  00008f0e    00000016     WS2812B_Strip.obj (.text:_ZN13WS2812B_StripD0Ev)
                  00008f24    00000016     rts430_eabi.lib : div16u.obj (.text)
                  00008f3a    00000014                     : copy_zero_init.obj (.text:decompress:ZI:__TI_zero_init)
                  00008f4e    00000014                     : memset.obj (.text:memset)
                  00008f62    00000014                     : mult16.obj (.text)
                  00008f76    00000012                     : copy_decompress_none.obj (.text:decompress:none:__TI_decompress_none)
                  00008f88    00000012                     : memcpy.obj (.text:memcpy)
                  00008f9a    00000010     WS2812B_Strip.obj (.text:_ZN13WS2812B_Strip5clearEv)
                  00008faa    00000010     rts430_eabi.lib : epilog.obj (.text)
                  00008fba    0000000a                     : typeinfo_.obj (.text:_ZN10__cxxabiv117__class_type_infoD0Ev)
                  00008fc4    0000000a                     : typeinfo_.obj (.text:_ZN10__cxxabiv120__si_class_type_infoD0Ev)
                  00008fce    0000000a                     : delete.obj (.text:_ZdlPv)
                  00008fd8    00000008     main.obj (.text:_Z23fillStripWithSolidColorhhh)
                  00008fe0    00000006     WS2812B_Strip.obj (.text:_ZNK13WS2812B_Strip13getBrightnessEv)
                  00008fe6    00000006     WS2812B_Strip.obj (.text:_ZNK13WS2812B_Strip17getNumberOfPixelsEv)
                  00008fec    00000006     rts430_eabi.lib : dtor_list.obj (.text:__cxa_ia64_exit)
                  00008ff2    00000006                     : isr_trap.obj (.text:_isr:__TI_ISR_TRAP)
                  00008ff8    00000006                     : copy_decompress_rle.obj (.text:decompress:rle24:__TI_decompress_rle24)
                  00008ffe    00000004                     : pre_init.obj (.text:_system_pre_init)
                  00009002    00000004                     : exit.obj (.text:abort)
                  00009006    00000002                     : typeinfo_.obj (.text:_ZN10__cxxabiv117__class_type_infoD1Ev)
                  00009008    00000002                     : typeinfo_.obj (.text:_ZN10__cxxabiv120__si_class_type_infoD1Ev)
                  0000900a    00000002                     : _lock.obj (.text:_nop)

.const     0    0000900c    00000092     
                  0000900c    00000025     rts430_eabi.lib : typeinfo_.obj (.const:.typeinfo:_ZTSN10__cxxabiv120__si_class_type_infoE)
                  00009031    00000001     --HOLE-- [fill = 0]
                  00009032    00000022                     : typeinfo_.obj (.const:.typeinfo:_ZTSN10__cxxabiv117__class_type_infoE)
                  00009054    00000010     WS2812B_Strip.obj (.const:.typeinfo:_ZTS13WS2812B_Strip)
                  00009064    0000000d     rts430_eabi.lib : typeinfo_.obj (.const:.typeinfo:_ZTSSt9type_info)
                  00009071    00000001     --HOLE-- [fill = 0]
                  00009072    00000008     WS2812B_Strip.obj (.const:_ZTV13WS2812B_Strip)
                  0000907a    00000008     rts430_eabi.lib : typeinfo_.obj (.const:_ZTVN10__cxxabiv117__class_type_infoE)
                  00009082    00000008                     : typeinfo_.obj (.const:_ZTVN10__cxxabiv120__si_class_type_infoE)
                  0000908a    00000006                     : typeinfo_.obj (.const:.typeinfo:_ZTIN10__cxxabiv117__class_type_infoE)
                  00009090    00000006                     : typeinfo_.obj (.const:.typeinfo:_ZTIN10__cxxabiv120__si_class_type_infoE)
                  00009096    00000004     WS2812B_Strip.obj (.const:.typeinfo:_ZTI13WS2812B_Strip)
                  0000909a    00000004     rts430_eabi.lib : typeinfo_.obj (.const:.typeinfo:_ZTISt9type_info)

.cinit     0    000090a0    00000024     
                  000090a0    00000012     (.cinit..data.load) [load image]
                  000090b2    00000006     (__TI_handler_table)
                  000090b8    00000004     (.cinit..bss.load) [load image, compression = zero_init]
                  000090bc    00000008     (__TI_cinit_table)

.init_array 
*          0    0000909e    00000002     
                  0000909e    00000002     main.obj (.init_array)

.TI.persistent 
*          0    00000266    00000000     UNINITIALIZED

PORT1      0    0000ffe4    00000002     
                  0000ffe4    00000002     main.obj (.int02)

PORT2      0    0000ffe6    00000002     
                  0000ffe6    00000002     rts430_eabi.lib : int03.obj (.int03)

ADC10      0    0000ffea    00000002     
                  0000ffea    00000002     rts430_eabi.lib : int05.obj (.int05)

USCIAB0TX 
*          0    0000ffec    00000002     
                  0000ffec    00000002     rts430_eabi.lib : int06.obj (.int06)

USCIAB0RX 
*          0    0000ffee    00000002     
                  0000ffee    00000002     rts430_eabi.lib : int07.obj (.int07)

TIMERA1    0    0000fff0    00000002     
                  0000fff0    00000002     rts430_eabi.lib : int08.obj (.int08)

TIMERA0    0    0000fff2    00000002     
                  0000fff2    00000002     rts430_eabi.lib : int09.obj (.int09)

WDT        0    0000fff4    00000002     
                  0000fff4    00000002     rts430_eabi.lib : int10.obj (.int10)

TIMERB1    0    0000fff8    00000002     
                  0000fff8    00000002     rts430_eabi.lib : int12.obj (.int12)

TIMERB0    0    0000fffa    00000002     
                  0000fffa    00000002     rts430_eabi.lib : int13.obj (.int13)

NMI        0    0000fffc    00000002     
                  0000fffc    00000002     rts430_eabi.lib : int14.obj (.int14)

.reset     0    0000fffe    00000002     
                  0000fffe    00000002     rts430_eabi.lib : boot.obj (.reset)


LINKER GENERATED COPY TABLES

__TI_cinit_table @ 000090bc records: 2, size/record: 4, table size: 8
	.data: load addr=000090a0, load size=00000012 bytes, run addr=00000266, run size=0000000e bytes, compression=copy
	.bss: load addr=000090b8, load size=00000004 bytes, run addr=00000250, run size=00000016 bytes, compression=zero_init


LINKER GENERATED HANDLER TABLE

__TI_handler_table @ 000090b2 records: 3, size/record: 2, table size: 6
	index: 0, handler: __TI_zero_init
	index: 1, handler: __TI_decompress_rle24
	index: 2, handler: __TI_decompress_none


GLOBAL SYMBOLS: SORTED ALPHABETICALLY BY Name 

address   name                                     
-------   ----                                     
0000004a  ADC10AE0                                 
0000004b  ADC10AE1                                 
000001b0  ADC10CTL0                                
000001b2  ADC10CTL1                                
00000048  ADC10DTC0                                
00000049  ADC10DTC1                                
000001b4  ADC10MEM                                 
000001bc  ADC10SA                                  
00000057  BCSCTL1                                  
00000058  BCSCTL2                                  
00000053  BCSCTL3                                  
00009002  C$$EXIT                                  
000010fb  CALBC1_12MHZ                             
000010f9  CALBC1_16MHZ                             
000010ff  CALBC1_1MHZ                              
000010fd  CALBC1_8MHZ                              
000010fa  CALDCO_12MHZ                             
000010f8  CALDCO_16MHZ                             
000010fe  CALDCO_1MHZ                              
000010fc  CALDCO_8MHZ                              
00000056  DCOCTL                                   
00000128  FCTL1                                    
0000012a  FCTL2                                    
0000012c  FCTL3                                    
00000000  IE1                                      
00000001  IE2                                      
00000002  IFG1                                     
00000003  IFG2                                     
00000022  P1DIR                                    
00000025  P1IE                                     
00000024  P1IES                                    
00000023  P1IFG                                    
00000020  P1IN                                     
00000021  P1OUT                                    
00000027  P1REN                                    
00000026  P1SEL                                    
0000002a  P2DIR                                    
0000002d  P2IE                                     
0000002c  P2IES                                    
0000002b  P2IFG                                    
00000028  P2IN                                     
00000029  P2OUT                                    
0000002f  P2REN                                    
0000002e  P2SEL                                    
0000001a  P3DIR                                    
00000018  P3IN                                     
00000019  P3OUT                                    
00000010  P3REN                                    
0000001b  P3SEL                                    
0000001e  P4DIR                                    
0000001c  P4IN                                     
0000001d  P4OUT                                    
00000011  P4REN                                    
0000001f  P4SEL                                    
00000172  TACCR0                                   
00000174  TACCR1                                   
00000176  TACCR2                                   
00000162  TACCTL0                                  
00000164  TACCTL1                                  
00000166  TACCTL2                                  
00000160  TACTL                                    
0000012e  TAIV                                     
00000170  TAR                                      
00000192  TBCCR0                                   
00000194  TBCCR1                                   
00000196  TBCCR2                                   
00000182  TBCCTL0                                  
00000184  TBCCTL1                                  
00000186  TBCCTL2                                  
00000180  TBCTL                                    
0000011e  TBIV                                     
00000190  TBR                                      
0000005d  UCA0ABCTL                                
00000062  UCA0BR0                                  
00000063  UCA0BR1                                  
00000060  UCA0CTL0                                 
00000061  UCA0CTL1                                 
0000005f  UCA0IRRCTL                               
0000005e  UCA0IRTCTL                               
00000064  UCA0MCTL                                 
00000066  UCA0RXBUF                                
00000065  UCA0STAT                                 
00000067  UCA0TXBUF                                
0000006a  UCB0BR0                                  
0000006b  UCB0BR1                                  
00000068  UCB0CTL0                                 
00000069  UCB0CTL1                                 
0000006c  UCB0I2CIE                                
00000118  UCB0I2COA                                
0000011a  UCB0I2CSA                                
0000006e  UCB0RXBUF                                
0000006d  UCB0STAT                                 
0000006f  UCB0TXBUF                                
00000120  WDTCTL                                   
000089a6  _Z12rainbowCycleh                        
000087de  _Z12theaterChasemh                       
00008648  _Z19theaterChaseRainbowh                 
00008fd8  _Z23fillStripWithSolidColorhhh           
00008da6  _Z23fillStripWithSolidColorm             
00008a08  _Z5Wheelh                                
00008858  _Z6Port_1v                               
0000859e  _Z7breathemm                             
00008b72  _Z7rainbowh                              
00008ddc  _Z8delay_msm                             
00008c5e  _Z9colorWipemm                           
00008ec4  _Z9testColorhhhm                         
00008fba  _ZN10__cxxabiv117__class_type_infoD0Ev   
00009006  _ZN10__cxxabiv117__class_type_infoD1Ev   
00009006  _ZN10__cxxabiv117__class_type_infoD2Ev   
00008fc4  _ZN10__cxxabiv120__si_class_type_infoD0Ev
00009008  _ZN10__cxxabiv120__si_class_type_infoD1Ev
00009008  _ZN10__cxxabiv120__si_class_type_infoD2Ev
000088d2  _ZN13WS2812B_Strip13setBrightnessEh      
000086da  _ZN13WS2812B_Strip13setPixelColorEjm     
0000834c  _ZN13WS2812B_Strip4showEv                
00008f9a  _ZN13WS2812B_Strip5clearEv               
00008ef8  _ZN13WS2812B_Strip5colorEhhh             
00008ca8  _ZN13WS2812B_StripC1Ej                   
00008ca8  _ZN13WS2812B_StripC2Ej                   
00008f0e  _ZN13WS2812B_StripD0Ev                   
00008e8c  _ZN13WS2812B_StripD1Ev                   
00008e8c  _ZN13WS2812B_StripD2Ev                   
00008fe0  _ZNK13WS2812B_Strip13getBrightnessEv     
00008fe6  _ZNK13WS2812B_Strip17getNumberOfPixelsEv 
00009096  _ZTI13WS2812B_Strip                      
0000908a  _ZTIN10__cxxabiv117__class_type_infoE    
00009090  _ZTIN10__cxxabiv120__si_class_type_infoE 
0000909a  _ZTISt9type_info                         
00009054  _ZTS13WS2812B_Strip                      
00009032  _ZTSN10__cxxabiv117__class_type_infoE    
0000900c  _ZTSN10__cxxabiv120__si_class_type_infoE 
00009064  _ZTSSt9type_info                         
00009072  _ZTV13WS2812B_Strip                      
0000907a  _ZTVN10__cxxabiv117__class_type_infoE    
00009082  _ZTVN10__cxxabiv120__si_class_type_infoE 
00008fce  _ZdlPv                                   
00000600  __STACK_END                              
00000050  __STACK_SIZE                             
00000050  __SYSMEM_SIZE                            
000090bc  __TI_CINIT_Base                          
000090c4  __TI_CINIT_Limit                         
000090b2  __TI_Handler_Table_Base                  
000090b8  __TI_Handler_Table_Limit                 
0000909e  __TI_INITARRAY_Base                      
000090a0  __TI_INITARRAY_Limit                     
00008ff2  __TI_ISR_TRAP                            
00000266  __TI_cleanup_ptr                         
00008f76  __TI_decompress_none                     
00008ff8  __TI_decompress_rle24                    
00000268  __TI_dtors_ptr                           
0000ffe4  __TI_int02                               
0000ffe6  __TI_int03                               
0000ffea  __TI_int05                               
0000ffec  __TI_int06                               
0000ffee  __TI_int07                               
0000fff0  __TI_int08                               
0000fff2  __TI_int09                               
0000fff4  __TI_int10                               
0000fff8  __TI_int12                               
0000fffa  __TI_int13                               
0000fffc  __TI_int14                               
00008f3a  __TI_zero_init                           
ffffffff  __binit__                                
ffffffff  __c_args__                               
00008c12  __cxa_atexit                             
00008bc4  __cxa_finalize                           
00008fec  __cxa_ia64_exit                          
0000025e  __dso_handle                             
00008e10  __mspabi_divi                            
00008cf0  __mspabi_divli                           
00008f24  __mspabi_divu                            
00008b1a  __mspabi_divul                           
00008fb6  __mspabi_func_epilog_1                   
00008fb4  __mspabi_func_epilog_2                   
00008fb2  __mspabi_func_epilog_3                   
00008fb0  __mspabi_func_epilog_4                   
00008fae  __mspabi_func_epilog_5                   
00008fac  __mspabi_func_epilog_6                   
00008faa  __mspabi_func_epilog_7                   
00008f62  __mspabi_mpyi                            
00008f62  __mspabi_mpyi_sw                         
00008e66  __mspabi_mpyl                            
00008e66  __mspabi_mpyl_sw                         
00008e10  __mspabi_remi                            
00008cf0  __mspabi_remli                           
00008f24  __mspabi_remu                            
00008b1a  __mspabi_remul                           
00008d68  __mspabi_slll_1                          
00008d44  __mspabi_slll_10                         
00008d40  __mspabi_slll_11                         
00008d3c  __mspabi_slll_12                         
00008d38  __mspabi_slll_13                         
00008d34  __mspabi_slll_14                         
00008d30  __mspabi_slll_15                         
00008d64  __mspabi_slll_2                          
00008d60  __mspabi_slll_3                          
00008d5c  __mspabi_slll_4                          
00008d58  __mspabi_slll_5                          
00008d54  __mspabi_slll_6                          
00008d50  __mspabi_slll_7                          
00008d4c  __mspabi_slll_8                          
00008d48  __mspabi_slll_9                          
00008aba  __mspabi_srll_1                          
00008a84  __mspabi_srll_10                         
00008a7e  __mspabi_srll_11                         
00008a78  __mspabi_srll_12                         
00008a72  __mspabi_srll_13                         
00008a6c  __mspabi_srll_14                         
00008a66  __mspabi_srll_15                         
00008ab4  __mspabi_srll_2                          
00008aae  __mspabi_srll_3                          
00008aa8  __mspabi_srll_4                          
00008aa2  __mspabi_srll_5                          
00008a9c  __mspabi_srll_6                          
00008a96  __mspabi_srll_7                          
00008a90  __mspabi_srll_8                          
00008a8a  __mspabi_srll_9                          
00008ede  __sti___8_main_cpp_511cc281              
00008ac2  _auto_init                               
00008ea8  _c_int00_noargs                          
0000026a  _lock                                    
0000900a  _nop                                     
0000fffe  _reset_vector                            
000005b0  _stack                                   
00000200  _sys_memory                              
00008ffe  _system_pre_init                         
0000026c  _unlock                                  
00009002  abort                                    
ffffffff  binit                                    
0000026e  breakFromDelay                           
00008e3c  exit                                     
0000875e  free                                     
00008000  main                                     
000084f0  malloc                                   
00008f88  memcpy                                   
00008f4e  memset                                   
00008d6e  minit                                    
0000026f  patternState                             
00000250  strip                                    


GLOBAL SYMBOLS: SORTED BY Symbol Address 

address   name                                     
-------   ----                                     
00000000  IE1                                      
00000001  IE2                                      
00000002  IFG1                                     
00000003  IFG2                                     
00000010  P3REN                                    
00000011  P4REN                                    
00000018  P3IN                                     
00000019  P3OUT                                    
0000001a  P3DIR                                    
0000001b  P3SEL                                    
0000001c  P4IN                                     
0000001d  P4OUT                                    
0000001e  P4DIR                                    
0000001f  P4SEL                                    
00000020  P1IN                                     
00000021  P1OUT                                    
00000022  P1DIR                                    
00000023  P1IFG                                    
00000024  P1IES                                    
00000025  P1IE                                     
00000026  P1SEL                                    
00000027  P1REN                                    
00000028  P2IN                                     
00000029  P2OUT                                    
0000002a  P2DIR                                    
0000002b  P2IFG                                    
0000002c  P2IES                                    
0000002d  P2IE                                     
0000002e  P2SEL                                    
0000002f  P2REN                                    
00000048  ADC10DTC0                                
00000049  ADC10DTC1                                
0000004a  ADC10AE0                                 
0000004b  ADC10AE1                                 
00000050  __STACK_SIZE                             
00000050  __SYSMEM_SIZE                            
00000053  BCSCTL3                                  
00000056  DCOCTL                                   
00000057  BCSCTL1                                  
00000058  BCSCTL2                                  
0000005d  UCA0ABCTL                                
0000005e  UCA0IRTCTL                               
0000005f  UCA0IRRCTL                               
00000060  UCA0CTL0                                 
00000061  UCA0CTL1                                 
00000062  UCA0BR0                                  
00000063  UCA0BR1                                  
00000064  UCA0MCTL                                 
00000065  UCA0STAT                                 
00000066  UCA0RXBUF                                
00000067  UCA0TXBUF                                
00000068  UCB0CTL0                                 
00000069  UCB0CTL1                                 
0000006a  UCB0BR0                                  
0000006b  UCB0BR1                                  
0000006c  UCB0I2CIE                                
0000006d  UCB0STAT                                 
0000006e  UCB0RXBUF                                
0000006f  UCB0TXBUF                                
00000118  UCB0I2COA                                
0000011a  UCB0I2CSA                                
0000011e  TBIV                                     
00000120  WDTCTL                                   
00000128  FCTL1                                    
0000012a  FCTL2                                    
0000012c  FCTL3                                    
0000012e  TAIV                                     
00000160  TACTL                                    
00000162  TACCTL0                                  
00000164  TACCTL1                                  
00000166  TACCTL2                                  
00000170  TAR                                      
00000172  TACCR0                                   
00000174  TACCR1                                   
00000176  TACCR2                                   
00000180  TBCTL                                    
00000182  TBCCTL0                                  
00000184  TBCCTL1                                  
00000186  TBCCTL2                                  
00000190  TBR                                      
00000192  TBCCR0                                   
00000194  TBCCR1                                   
00000196  TBCCR2                                   
000001b0  ADC10CTL0                                
000001b2  ADC10CTL1                                
000001b4  ADC10MEM                                 
000001bc  ADC10SA                                  
00000200  _sys_memory                              
00000250  strip                                    
0000025e  __dso_handle                             
00000266  __TI_cleanup_ptr                         
00000268  __TI_dtors_ptr                           
0000026a  _lock                                    
0000026c  _unlock                                  
0000026e  breakFromDelay                           
0000026f  patternState                             
000005b0  _stack                                   
00000600  __STACK_END                              
000010f8  CALDCO_16MHZ                             
000010f9  CALBC1_16MHZ                             
000010fa  CALDCO_12MHZ                             
000010fb  CALBC1_12MHZ                             
000010fc  CALDCO_8MHZ                              
000010fd  CALBC1_8MHZ                              
000010fe  CALDCO_1MHZ                              
000010ff  CALBC1_1MHZ                              
00008000  main                                     
0000834c  _ZN13WS2812B_Strip4showEv                
000084f0  malloc                                   
0000859e  _Z7breathemm                             
00008648  _Z19theaterChaseRainbowh                 
000086da  _ZN13WS2812B_Strip13setPixelColorEjm     
0000875e  free                                     
000087de  _Z12theaterChasemh                       
00008858  _Z6Port_1v                               
000088d2  _ZN13WS2812B_Strip13setBrightnessEh      
000089a6  _Z12rainbowCycleh                        
00008a08  _Z5Wheelh                                
00008a66  __mspabi_srll_15                         
00008a6c  __mspabi_srll_14                         
00008a72  __mspabi_srll_13                         
00008a78  __mspabi_srll_12                         
00008a7e  __mspabi_srll_11                         
00008a84  __mspabi_srll_10                         
00008a8a  __mspabi_srll_9                          
00008a90  __mspabi_srll_8                          
00008a96  __mspabi_srll_7                          
00008a9c  __mspabi_srll_6                          
00008aa2  __mspabi_srll_5                          
00008aa8  __mspabi_srll_4                          
00008aae  __mspabi_srll_3                          
00008ab4  __mspabi_srll_2                          
00008aba  __mspabi_srll_1                          
00008ac2  _auto_init                               
00008b1a  __mspabi_divul                           
00008b1a  __mspabi_remul                           
00008b72  _Z7rainbowh                              
00008bc4  __cxa_finalize                           
00008c12  __cxa_atexit                             
00008c5e  _Z9colorWipemm                           
00008ca8  _ZN13WS2812B_StripC1Ej                   
00008ca8  _ZN13WS2812B_StripC2Ej                   
00008cf0  __mspabi_divli                           
00008cf0  __mspabi_remli                           
00008d30  __mspabi_slll_15                         
00008d34  __mspabi_slll_14                         
00008d38  __mspabi_slll_13                         
00008d3c  __mspabi_slll_12                         
00008d40  __mspabi_slll_11                         
00008d44  __mspabi_slll_10                         
00008d48  __mspabi_slll_9                          
00008d4c  __mspabi_slll_8                          
00008d50  __mspabi_slll_7                          
00008d54  __mspabi_slll_6                          
00008d58  __mspabi_slll_5                          
00008d5c  __mspabi_slll_4                          
00008d60  __mspabi_slll_3                          
00008d64  __mspabi_slll_2                          
00008d68  __mspabi_slll_1                          
00008d6e  minit                                    
00008da6  _Z23fillStripWithSolidColorm             
00008ddc  _Z8delay_msm                             
00008e10  __mspabi_divi                            
00008e10  __mspabi_remi                            
00008e3c  exit                                     
00008e66  __mspabi_mpyl                            
00008e66  __mspabi_mpyl_sw                         
00008e8c  _ZN13WS2812B_StripD1Ev                   
00008e8c  _ZN13WS2812B_StripD2Ev                   
00008ea8  _c_int00_noargs                          
00008ec4  _Z9testColorhhhm                         
00008ede  __sti___8_main_cpp_511cc281              
00008ef8  _ZN13WS2812B_Strip5colorEhhh             
00008f0e  _ZN13WS2812B_StripD0Ev                   
00008f24  __mspabi_divu                            
00008f24  __mspabi_remu                            
00008f3a  __TI_zero_init                           
00008f4e  memset                                   
00008f62  __mspabi_mpyi                            
00008f62  __mspabi_mpyi_sw                         
00008f76  __TI_decompress_none                     
00008f88  memcpy                                   
00008f9a  _ZN13WS2812B_Strip5clearEv               
00008faa  __mspabi_func_epilog_7                   
00008fac  __mspabi_func_epilog_6                   
00008fae  __mspabi_func_epilog_5                   
00008fb0  __mspabi_func_epilog_4                   
00008fb2  __mspabi_func_epilog_3                   
00008fb4  __mspabi_func_epilog_2                   
00008fb6  __mspabi_func_epilog_1                   
00008fba  _ZN10__cxxabiv117__class_type_infoD0Ev   
00008fc4  _ZN10__cxxabiv120__si_class_type_infoD0Ev
00008fce  _ZdlPv                                   
00008fd8  _Z23fillStripWithSolidColorhhh           
00008fe0  _ZNK13WS2812B_Strip13getBrightnessEv     
00008fe6  _ZNK13WS2812B_Strip17getNumberOfPixelsEv 
00008fec  __cxa_ia64_exit                          
00008ff2  __TI_ISR_TRAP                            
00008ff8  __TI_decompress_rle24                    
00008ffe  _system_pre_init                         
00009002  C$$EXIT                                  
00009002  abort                                    
00009006  _ZN10__cxxabiv117__class_type_infoD1Ev   
00009006  _ZN10__cxxabiv117__class_type_infoD2Ev   
00009008  _ZN10__cxxabiv120__si_class_type_infoD1Ev
00009008  _ZN10__cxxabiv120__si_class_type_infoD2Ev
0000900a  _nop                                     
0000900c  _ZTSN10__cxxabiv120__si_class_type_infoE 
00009032  _ZTSN10__cxxabiv117__class_type_infoE    
00009054  _ZTS13WS2812B_Strip                      
00009064  _ZTSSt9type_info                         
00009072  _ZTV13WS2812B_Strip                      
0000907a  _ZTVN10__cxxabiv117__class_type_infoE    
00009082  _ZTVN10__cxxabiv120__si_class_type_infoE 
0000908a  _ZTIN10__cxxabiv117__class_type_infoE    
00009090  _ZTIN10__cxxabiv120__si_class_type_infoE 
00009096  _ZTI13WS2812B_Strip                      
0000909a  _ZTISt9type_info                         
0000909e  __TI_INITARRAY_Base                      
000090a0  __TI_INITARRAY_Limit                     
000090b2  __TI_Handler_Table_Base                  
000090b8  __TI_Handler_Table_Limit                 
000090bc  __TI_CINIT_Base                          
000090c4  __TI_CINIT_Limit                         
0000ffe4  __TI_int02                               
0000ffe6  __TI_int03                               
0000ffea  __TI_int05                               
0000ffec  __TI_int06                               
0000ffee  __TI_int07                               
0000fff0  __TI_int08                               
0000fff2  __TI_int09                               
0000fff4  __TI_int10                               
0000fff8  __TI_int12                               
0000fffa  __TI_int13                               
0000fffc  __TI_int14                               
0000fffe  _reset_vector                            
ffffffff  __binit__                                
ffffffff  __c_args__                               
ffffffff  binit                                    

[239 symbols]
